Archive member included to satisfy reference by file (symbol)

c:/progra~2/gnuarm~1/102020~1/bin/../lib/gcc/arm-none-eabi/10.2.1/thumb/v6-m/nofp\libgcc.a(_dvmd_tls.o)
                              CMakeFiles/dac_pdm_test.dir/C_/Users/matth/OneDrive/Raspberry_Pi/Pico/pico-sdk/src/rp2_common/pico_divider/divider.S.obj (__aeabi_idiv0)
c:/progra~2/gnuarm~1/102020~1/bin/../lib/gcc/arm-none-eabi/10.2.1/../../../../arm-none-eabi/lib/thumb/v6-m/nofp\libg.a(lib_a-calloc.o)
                              CMakeFiles/dac_pdm_test.dir/C_/Users/matth/OneDrive/Raspberry_Pi/Pico/pico-sdk/src/rp2_common/pico_malloc/pico_malloc.c.obj (calloc)
c:/progra~2/gnuarm~1/102020~1/bin/../lib/gcc/arm-none-eabi/10.2.1/../../../../arm-none-eabi/lib/thumb/v6-m/nofp\libg.a(lib_a-callocr.o)
                              c:/progra~2/gnuarm~1/102020~1/bin/../lib/gcc/arm-none-eabi/10.2.1/../../../../arm-none-eabi/lib/thumb/v6-m/nofp\libg.a(lib_a-calloc.o) (_calloc_r)
c:/progra~2/gnuarm~1/102020~1/bin/../lib/gcc/arm-none-eabi/10.2.1/../../../../arm-none-eabi/lib/thumb/v6-m/nofp\libg.a(lib_a-ctype_.o)
                              CMakeFiles/dac_pdm_test.dir/C_/Users/matth/OneDrive/Raspberry_Pi/Pico/pico-sdk/lib/tinyusb/src/tusb.c.obj (_ctype_)
c:/progra~2/gnuarm~1/102020~1/bin/../lib/gcc/arm-none-eabi/10.2.1/../../../../arm-none-eabi/lib/thumb/v6-m/nofp\libg.a(lib_a-impure.o)
                              c:/progra~2/gnuarm~1/102020~1/bin/../lib/gcc/arm-none-eabi/10.2.1/../../../../arm-none-eabi/lib/thumb/v6-m/nofp\libg.a(lib_a-calloc.o) (_impure_ptr)
c:/progra~2/gnuarm~1/102020~1/bin/../lib/gcc/arm-none-eabi/10.2.1/../../../../arm-none-eabi/lib/thumb/v6-m/nofp\libg.a(lib_a-init.o)
                              c:/progra~2/gnuarm~1/102020~1/bin/../lib/gcc/arm-none-eabi/10.2.1/../../../../arm-none-eabi/lib/thumb/v6-m/nofp/crt0.o (__libc_init_array)
c:/progra~2/gnuarm~1/102020~1/bin/../lib/gcc/arm-none-eabi/10.2.1/../../../../arm-none-eabi/lib/thumb/v6-m/nofp\libg.a(lib_a-malloc.o)
                              CMakeFiles/dac_pdm_test.dir/C_/Users/matth/OneDrive/Raspberry_Pi/Pico/pico-sdk/src/rp2_common/pico_malloc/pico_malloc.c.obj (malloc)
c:/progra~2/gnuarm~1/102020~1/bin/../lib/gcc/arm-none-eabi/10.2.1/../../../../arm-none-eabi/lib/thumb/v6-m/nofp\libg.a(lib_a-mallocr.o)
                              c:/progra~2/gnuarm~1/102020~1/bin/../lib/gcc/arm-none-eabi/10.2.1/../../../../arm-none-eabi/lib/thumb/v6-m/nofp\libg.a(lib_a-callocr.o) (_malloc_r)
c:/progra~2/gnuarm~1/102020~1/bin/../lib/gcc/arm-none-eabi/10.2.1/../../../../arm-none-eabi/lib/thumb/v6-m/nofp\libg.a(lib_a-mlock.o)
                              c:/progra~2/gnuarm~1/102020~1/bin/../lib/gcc/arm-none-eabi/10.2.1/../../../../arm-none-eabi/lib/thumb/v6-m/nofp\libg.a(lib_a-mallocr.o) (__malloc_lock)
c:/progra~2/gnuarm~1/102020~1/bin/../lib/gcc/arm-none-eabi/10.2.1/../../../../arm-none-eabi/lib/thumb/v6-m/nofp\libg.a(lib_a-sbrkr.o)
                              c:/progra~2/gnuarm~1/102020~1/bin/../lib/gcc/arm-none-eabi/10.2.1/../../../../arm-none-eabi/lib/thumb/v6-m/nofp\libg.a(lib_a-mallocr.o) (_sbrk_r)
c:/progra~2/gnuarm~1/102020~1/bin/../lib/gcc/arm-none-eabi/10.2.1/../../../../arm-none-eabi/lib/thumb/v6-m/nofp\libg.a(lib_a-strlen-stub.o)
                              CMakeFiles/dac_pdm_test.dir/C_/Users/matth/OneDrive/Raspberry_Pi/Pico/pico-sdk/src/rp2_common/pico_stdio/stdio.c.obj (strlen)
c:/progra~2/gnuarm~1/102020~1/bin/../lib/gcc/arm-none-eabi/10.2.1/../../../../arm-none-eabi/lib/thumb/v6-m/nofp\libg.a(lib_a-freer.o)
                              c:/progra~2/gnuarm~1/102020~1/bin/../lib/gcc/arm-none-eabi/10.2.1/../../../../arm-none-eabi/lib/thumb/v6-m/nofp\libg.a(lib_a-malloc.o) (_free_r)
c:/progra~2/gnuarm~1/102020~1/bin/../lib/gcc/arm-none-eabi/10.2.1/../../../../arm-none-eabi/lib/thumb/v6-m/nofp\libg.a(lib_a-lock.o)
                              c:/progra~2/gnuarm~1/102020~1/bin/../lib/gcc/arm-none-eabi/10.2.1/../../../../arm-none-eabi/lib/thumb/v6-m/nofp\libg.a(lib_a-mlock.o) (__retarget_lock_acquire_recursive)
c:/progra~2/gnuarm~1/102020~1/bin/../lib/gcc/arm-none-eabi/10.2.1/../../../../arm-none-eabi/lib/thumb/v6-m/nofp\libg.a(lib_a-reent.o)
                              c:/progra~2/gnuarm~1/102020~1/bin/../lib/gcc/arm-none-eabi/10.2.1/../../../../arm-none-eabi/lib/thumb/v6-m/nofp\libg.a(lib_a-sbrkr.o) (errno)

Discarded input sections

 .text          0x00000000        0x0 c:/progra~2/gnuarm~1/102020~1/bin/../lib/gcc/arm-none-eabi/10.2.1/thumb/v6-m/nofp/crti.o
 .data          0x00000000        0x0 c:/progra~2/gnuarm~1/102020~1/bin/../lib/gcc/arm-none-eabi/10.2.1/thumb/v6-m/nofp/crti.o
 .bss           0x00000000        0x0 c:/progra~2/gnuarm~1/102020~1/bin/../lib/gcc/arm-none-eabi/10.2.1/thumb/v6-m/nofp/crti.o
 .data          0x00000000        0x4 c:/progra~2/gnuarm~1/102020~1/bin/../lib/gcc/arm-none-eabi/10.2.1/thumb/v6-m/nofp/crtbegin.o
 .rodata        0x00000000       0x24 c:/progra~2/gnuarm~1/102020~1/bin/../lib/gcc/arm-none-eabi/10.2.1/thumb/v6-m/nofp/crtbegin.o
[...]
Memory Configuration

Name             Origin             Length             Attributes
FLASH            0x10000000         0x00200000         xr
RAM              0x20000000         0x00040000         xrw
SCRATCH_X        0x20040000         0x00001000         xrw
SCRATCH_Y        0x20041000         0x00001000         xrw
*default*        0x00000000         0xffffffff

Linker script and memory map

LOAD c:/progra~2/gnuarm~1/102020~1/bin/../lib/gcc/arm-none-eabi/10.2.1/thumb/v6-m/nofp/crti.o
LOAD c:/progra~2/gnuarm~1/102020~1/bin/../lib/gcc/arm-none-eabi/10.2.1/thumb/v6-m/nofp/crtbegin.o
LOAD c:/progra~2/gnuarm~1/102020~1/bin/../lib/gcc/arm-none-eabi/10.2.1/../../../../arm-none-eabi/lib/thumb/v6-m/nofp/crt0.o

.flash_begin    0x10000000        0x0
                0x10000000                __flash_binary_start = .

.boot2          0x10000000      0x100
                0x10000000                __boot2_start__ = .
 *(.boot2)
 .boot2         0x10000000      0x100 C:\Users\matth\AppData\Local\Temp\ccuDQfLb.o
                0x10000100                __boot2_end__ = .
                0x00000001                ASSERT (((__boot2_end__ - __boot2_start__) == 0x100), ERROR: Pico second stage bootloader must be 256 bytes in size)

.text           0x10000100     0x75e0
                0x10000100                __logical_binary_start = .
 *(.vectors)
 .vectors       0x10000100       0xd4 CMakeFiles/dac_pdm_test.dir/C_/Users/matth/OneDrive/Raspberry_Pi/Pico/pico-sdk/src/rp2_common/pico_standard_link/crt0.S.obj
                0x10000100                __vectors
                0x100001c0                isr_invalid
                0x100001c2                isr_nmi
                0x100001c4                isr_hardfault
                0x100001c6                isr_svcall
                0x100001c8                isr_pendsv
                0x100001ca                isr_systick
                0x100001cc                isr_irq11
                0x100001cc                isr_irq5
                0x100001cc                isr_irq23
                0x100001cc                isr_irq18
                0x100001cc                isr_irq31
                0x100001cc                isr_irq28
                0x100001cc                isr_irq19
                0x100001cc                isr_irq0
                0x100001cc                isr_irq6
                0x100001cc                isr_irq27
                0x100001cc                isr_irq12
                0x100001cc                isr_irq22
                0x100001cc                isr_irq13
                0x100001cc                isr_irq17
                0x100001cc                isr_irq14
                0x100001cc                isr_irq2
                0x100001cc                isr_irq10
                0x100001cc                isr_irq8
                0x100001cc                isr_irq24
                0x100001cc                isr_irq1
                0x100001cc                isr_irq7
                0x100001cc                isr_irq21
                0x100001cc                isr_irq20
                0x100001cc                isr_irq15
                0x100001cc                isr_irq25
                0x100001cc                __unhandled_user_irq
                0x100001cc                isr_irq4
                0x100001cc                isr_irq16
                0x100001cc                isr_irq29
                0x100001cc                isr_irq26
                0x100001cc                isr_irq3
                0x100001cc                isr_irq30
                0x100001cc                isr_irq9
                0x100001d2                unhandled_user_irq_num_in_r0
 *(.binary_info_header)
 .binary_info_header
                0x100001d4       0x14 CMakeFiles/dac_pdm_test.dir/C_/Users/matth/OneDrive/Raspberry_Pi/Pico/pico-sdk/src/rp2_common/pico_standard_link/crt0.S.obj
                0x100001e8                __binary_info_header_end = .
 *(.reset)
 .reset         0x100001e8       0xa8 CMakeFiles/dac_pdm_test.dir/C_/Users/matth/OneDrive/Raspberry_Pi/Pico/pico-sdk/src/rp2_common/pico_standard_link/crt0.S.obj
                0x100001e8                _entry_point
                0x10000266                __get_current_exception
 .reset         0x10000290       0x30 CMakeFiles/dac_pdm_test.dir/C_/Users/matth/OneDrive/Raspberry_Pi/Pico/pico-sdk/src/rp2_common/pico_standard_link/binary_info.c.obj
 *(.init)
 .init          0x100002c0        0x4 c:/progra~2/gnuarm~1/102020~1/bin/../lib/gcc/arm-none-eabi/10.2.1/thumb/v6-m/nofp/crti.o
                0x100002c0                _init
 *(EXCLUDE_FILE(*libm.a: *libc.a:*lib_a-mem*.o *libgcc.a:) .text*)
 .text          0x100002c4       0x48 c:/progra~2/gnuarm~1/102020~1/bin/../lib/gcc/arm-none-eabi/10.2.1/thumb/v6-m/nofp/crtbegin.o
 .text.main     0x1000030c      0x464 CMakeFiles/dac_pdm_test.dir/dac_pdm_test.cpp.obj
                0x1000030c                main
 .text.gpio_set_function
                0x10000770       0x30 CMakeFiles/dac_pdm_test.dir/C_/Users/matth/OneDrive/Raspberry_Pi/Pico/pico-sdk/src/rp2_common/hardware_gpio/gpio.c.obj
                0x10000770                gpio_set_function
 .text.gpio_set_pulls
                0x100007a0       0x34 CMakeFiles/dac_pdm_test.dir/C_/Users/matth/OneDrive/Raspberry_Pi/Pico/pico-sdk/src/rp2_common/hardware_gpio/gpio.c.obj
                0x100007a0                gpio_set_pulls
 .text.gpio_init
                0x100007d4       0x16 CMakeFiles/dac_pdm_test.dir/C_/Users/matth/OneDrive/Raspberry_Pi/Pico/pico-sdk/src/rp2_common/hardware_gpio/gpio.c.obj
                0x100007d4                gpio_init
 *fill*         0x100007ea        0x2 
 .text.hw_claim_lock
                0x100007ec       0x18 CMakeFiles/dac_pdm_test.dir/C_/Users/matth/OneDrive/Raspberry_Pi/Pico/pico-sdk/src/rp2_common/hardware_claim/claim.c.obj
                0x100007ec                hw_claim_lock
 .text.hw_claim_unlock
                0x10000804       0x14 CMakeFiles/dac_pdm_test.dir/C_/Users/matth/OneDrive/Raspberry_Pi/Pico/pico-sdk/src/rp2_common/hardware_claim/claim.c.obj
                0x10000804                hw_claim_unlock
 .text.hw_claim_or_assert
                0x10000818       0x36 CMakeFiles/dac_pdm_test.dir/C_/Users/matth/OneDrive/Raspberry_Pi/Pico/pico-sdk/src/rp2_common/hardware_claim/claim.c.obj
                0x10000818                hw_claim_or_assert
 .text.hw_claim_unused_from_range
                0x1000084e       0x58 CMakeFiles/dac_pdm_test.dir/C_/Users/matth/OneDrive/Raspberry_Pi/Pico/pico-sdk/src/rp2_common/hardware_claim/claim.c.obj
                0x1000084e                hw_claim_unused_from_range
 *fill*         0x100008a6        0x2 
 .text.spin_locks_reset
                0x100008a8       0x20 CMakeFiles/dac_pdm_test.dir/C_/Users/matth/OneDrive/Raspberry_Pi/Pico/pico-sdk/src/rp2_common/hardware_sync/sync.c.obj
                0x100008a8                spin_locks_reset
 .text.next_striped_spin_lock_num
                0x100008c8       0x1c CMakeFiles/dac_pdm_test.dir/C_/Users/matth/OneDrive/Raspberry_Pi/Pico/pico-sdk/src/rp2_common/hardware_sync/sync.c.obj
                0x100008c8                next_striped_spin_lock_num
 .text.spin_lock_claim_unused
                0x100008e4       0x20 CMakeFiles/dac_pdm_test.dir/C_/Users/matth/OneDrive/Raspberry_Pi/Pico/pico-sdk/src/rp2_common/hardware_sync/sync.c.obj
                0x100008e4                spin_lock_claim_unused
 .text.running_on_fpga
                0x10000904       0x14 CMakeFiles/dac_pdm_test.dir/C_/Users/matth/OneDrive/Raspberry_Pi/Pico/pico-sdk/src/rp2_common/pico_platform/platform.c.obj
                0x10000904                running_on_fpga
 .text.sev_callback
                0x10000918        0x8 CMakeFiles/dac_pdm_test.dir/C_/Users/matth/OneDrive/Raspberry_Pi/Pico/pico-sdk/src/common/pico_time/time.c.obj
 .text.alarm_pool_post_alloc_init
                0x10000920       0x40 CMakeFiles/dac_pdm_test.dir/C_/Users/matth/OneDrive/Raspberry_Pi/Pico/pico-sdk/src/common/pico_time/time.c.obj
 .text.timer_pool_entry_comparator
                0x10000960       0x7c CMakeFiles/dac_pdm_test.dir/C_/Users/matth/OneDrive/Raspberry_Pi/Pico/pico-sdk/src/common/pico_time/time.c.obj
                0x10000960                timer_pool_entry_comparator
 .text.ph_add_child_node
                0x100009dc       0xa4 CMakeFiles/dac_pdm_test.dir/C_/Users/matth/OneDrive/Raspberry_Pi/Pico/pico-sdk/src/common/pico_time/time.c.obj
 .text.ph_merge_nodes
                0x10000a80       0x3e CMakeFiles/dac_pdm_test.dir/C_/Users/matth/OneDrive/Raspberry_Pi/Pico/pico-sdk/src/common/pico_time/time.c.obj
 *fill*         0x10000abe        0x2 
 .text.add_alarm_under_lock
                0x10000ac0      0x174 CMakeFiles/dac_pdm_test.dir/C_/Users/matth/OneDrive/Raspberry_Pi/Pico/pico-sdk/src/common/pico_time/time.c.obj
 .text.alarm_pool_alarm_callback
                0x10000c34      0x328 CMakeFiles/dac_pdm_test.dir/C_/Users/matth/OneDrive/Raspberry_Pi/Pico/pico-sdk/src/common/pico_time/time.c.obj
 .text.alarm_pool_init_default
                0x10000f5c       0x2c CMakeFiles/dac_pdm_test.dir/C_/Users/matth/OneDrive/Raspberry_Pi/Pico/pico-sdk/src/common/pico_time/time.c.obj
                0x10000f5c                alarm_pool_init_default
 .text.alarm_pool_get_default
                0x10000f88       0x2c CMakeFiles/dac_pdm_test.dir/C_/Users/matth/OneDrive/Raspberry_Pi/Pico/pico-sdk/src/common/pico_time/time.c.obj
                0x10000f88                alarm_pool_get_default
 .text.alarm_pool_add_alarm_at
                0x10000fb4      0x170 CMakeFiles/dac_pdm_test.dir/C_/Users/matth/OneDrive/Raspberry_Pi/Pico/pico-sdk/src/common/pico_time/time.c.obj
                0x10000fb4                alarm_pool_add_alarm_at
 .text.alarm_pool_cancel_alarm
                0x10001124       0xec CMakeFiles/dac_pdm_test.dir/C_/Users/matth/OneDrive/Raspberry_Pi/Pico/pico-sdk/src/common/pico_time/time.c.obj
                0x10001124                alarm_pool_cancel_alarm
 .text.sleep_until
                0x10001210       0xd4 CMakeFiles/dac_pdm_test.dir/C_/Users/matth/OneDrive/Raspberry_Pi/Pico/pico-sdk/src/common/pico_time/time.c.obj
                0x10001210                sleep_until
 .text.sleep_us
                0x100012e4       0x58 CMakeFiles/dac_pdm_test.dir/C_/Users/matth/OneDrive/Raspberry_Pi/Pico/pico-sdk/src/common/pico_time/time.c.obj
                0x100012e4                sleep_us
 .text.best_effort_wfe_or_timeout
                0x1000133c       0x80 CMakeFiles/dac_pdm_test.dir/C_/Users/matth/OneDrive/Raspberry_Pi/Pico/pico-sdk/src/common/pico_time/time.c.obj
                0x1000133c                best_effort_wfe_or_timeout
 .text.hardware_alarm_irq_handler
                0x100013bc       0x8c CMakeFiles/dac_pdm_test.dir/C_/Users/matth/OneDrive/Raspberry_Pi/Pico/pico-sdk/src/rp2_common/hardware_timer/timer.c.obj
 .text.hardware_alarm_claim
                0x10001448       0x18 CMakeFiles/dac_pdm_test.dir/C_/Users/matth/OneDrive/Raspberry_Pi/Pico/pico-sdk/src/rp2_common/hardware_timer/timer.c.obj
                0x10001448                hardware_alarm_claim
 .text.time_us_64
                0x10001460       0x18 CMakeFiles/dac_pdm_test.dir/C_/Users/matth/OneDrive/Raspberry_Pi/Pico/pico-sdk/src/rp2_common/hardware_timer/timer.c.obj
                0x10001460                time_us_64
 .text.busy_wait_until
                0x10001478       0x28 CMakeFiles/dac_pdm_test.dir/C_/Users/matth/OneDrive/Raspberry_Pi/Pico/pico-sdk/src/rp2_common/hardware_timer/timer.c.obj
                0x10001478                busy_wait_until
 .text.hardware_alarm_set_callback
                0x100014a0       0x90 CMakeFiles/dac_pdm_test.dir/C_/Users/matth/OneDrive/Raspberry_Pi/Pico/pico-sdk/src/rp2_common/hardware_timer/timer.c.obj
                0x100014a0                hardware_alarm_set_callback
 .text.hardware_alarm_set_target
                0x10001530       0xe8 CMakeFiles/dac_pdm_test.dir/C_/Users/matth/OneDrive/Raspberry_Pi/Pico/pico-sdk/src/rp2_common/hardware_timer/timer.c.obj
                0x10001530                hardware_alarm_set_target
 .text.hardware_alarm_cancel
                0x10001618       0x40 CMakeFiles/dac_pdm_test.dir/C_/Users/matth/OneDrive/Raspberry_Pi/Pico/pico-sdk/src/rp2_common/hardware_timer/timer.c.obj
                0x10001618                hardware_alarm_cancel
 .text.lock_init
                0x10001658       0x10 CMakeFiles/dac_pdm_test.dir/C_/Users/matth/OneDrive/Raspberry_Pi/Pico/pico-sdk/src/common/pico_sync/lock_core.c.obj
                0x10001658                lock_init
 .text.mutex_init
                0x10001668       0x1a CMakeFiles/dac_pdm_test.dir/C_/Users/matth/OneDrive/Raspberry_Pi/Pico/pico-sdk/src/common/pico_sync/mutex.c.obj
                0x10001668                mutex_init
 .text.critical_section_init_with_lock_num
                0x10001682        0xc CMakeFiles/dac_pdm_test.dir/C_/Users/matth/OneDrive/Raspberry_Pi/Pico/pico-sdk/src/common/pico_sync/critical_section.c.obj
                0x10001682                critical_section_init_with_lock_num
 .text.critical_section_init
                0x1000168e       0x14 CMakeFiles/dac_pdm_test.dir/C_/Users/matth/OneDrive/Raspberry_Pi/Pico/pico-sdk/src/common/pico_sync/critical_section.c.obj
                0x1000168e                critical_section_init
 *fill*         0x100016a2        0x2 
 .text.ph_add_child_node
                0x100016a4       0xa4 CMakeFiles/dac_pdm_test.dir/C_/Users/matth/OneDrive/Raspberry_Pi/Pico/pico-sdk/src/common/pico_util/pheap.c.obj
 .text.ph_merge_nodes
                0x10001748       0x3e CMakeFiles/dac_pdm_test.dir/C_/Users/matth/OneDrive/Raspberry_Pi/Pico/pico-sdk/src/common/pico_util/pheap.c.obj
 *fill*         0x10001786        0x2 
 .text.ph_clear
                0x10001788       0x70 CMakeFiles/dac_pdm_test.dir/C_/Users/matth/OneDrive/Raspberry_Pi/Pico/pico-sdk/src/common/pico_util/pheap.c.obj
                0x10001788                ph_clear
 .text.ph_post_alloc_init
                0x100017f8        0xe CMakeFiles/dac_pdm_test.dir/C_/Users/matth/OneDrive/Raspberry_Pi/Pico/pico-sdk/src/common/pico_util/pheap.c.obj
                0x100017f8                ph_post_alloc_init
 *fill*         0x10001806        0x2 
 .text.ph_merge_two_pass
                0x10001808       0xa8 CMakeFiles/dac_pdm_test.dir/C_/Users/matth/OneDrive/Raspberry_Pi/Pico/pico-sdk/src/common/pico_util/pheap.c.obj
                0x10001808                ph_merge_two_pass
 .text.ph_remove_any_head
                0x100018b0      0x108 CMakeFiles/dac_pdm_test.dir/C_/Users/matth/OneDrive/Raspberry_Pi/Pico/pico-sdk/src/common/pico_util/pheap.c.obj
 .text.ph_remove_head
                0x100019b8       0x14 CMakeFiles/dac_pdm_test.dir/C_/Users/matth/OneDrive/Raspberry_Pi/Pico/pico-sdk/src/common/pico_util/pheap.c.obj
                0x100019b8                ph_remove_head
 .text.ph_remove_and_free_node
                0x100019cc       0xf8 CMakeFiles/dac_pdm_test.dir/C_/Users/matth/OneDrive/Raspberry_Pi/Pico/pico-sdk/src/common/pico_util/pheap.c.obj
                0x100019cc                ph_remove_and_free_node
 .text.runtime_init
                0x10001ac4       0xcc CMakeFiles/dac_pdm_test.dir/C_/Users/matth/OneDrive/Raspberry_Pi/Pico/pico-sdk/src/rp2_common/pico_runtime/runtime.c.obj
                0x10001ac4                runtime_init
 .text._exit    0x10001b90        0x4 CMakeFiles/dac_pdm_test.dir/C_/Users/matth/OneDrive/Raspberry_Pi/Pico/pico-sdk/src/rp2_common/pico_runtime/runtime.c.obj
                0x10001b90                _exit
 .text.exit     0x10001b94        0x6 CMakeFiles/dac_pdm_test.dir/C_/Users/matth/OneDrive/Raspberry_Pi/Pico/pico-sdk/src/rp2_common/pico_runtime/runtime.c.obj
                0x10001b94                exit
 *fill*         0x10001b9a        0x2 
 .text.__assert_func
                0x10001b9c       0x3c CMakeFiles/dac_pdm_test.dir/C_/Users/matth/OneDrive/Raspberry_Pi/Pico/pico-sdk/src/rp2_common/pico_runtime/runtime.c.obj
                0x10001b9c                __assert_func
 .text.panic    0x10001bd8       0x30 CMakeFiles/dac_pdm_test.dir/C_/Users/matth/OneDrive/Raspberry_Pi/Pico/pico-sdk/src/rp2_common/pico_runtime/runtime.c.obj
                0x10001bd8                panic
 .text.clock_configure
                0x10001c08       0xe8 CMakeFiles/dac_pdm_test.dir/C_/Users/matth/OneDrive/Raspberry_Pi/Pico/pico-sdk/src/rp2_common/hardware_clocks/clocks.c.obj
                0x10001c08                clock_configure
 .text.clocks_init
                0x10001cf0      0x124 CMakeFiles/dac_pdm_test.dir/C_/Users/matth/OneDrive/Raspberry_Pi/Pico/pico-sdk/src/rp2_common/hardware_clocks/clocks.c.obj
                0x10001cf0                clocks_init
 .text.watchdog_start_tick
                0x10001e14       0x10 CMakeFiles/dac_pdm_test.dir/C_/Users/matth/OneDrive/Raspberry_Pi/Pico/pico-sdk/src/rp2_common/hardware_watchdog/watchdog.c.obj
                0x10001e14                watchdog_start_tick
 .text.watchdog_update
                0x10001e24       0x14 CMakeFiles/dac_pdm_test.dir/C_/Users/matth/OneDrive/Raspberry_Pi/Pico/pico-sdk/src/rp2_common/hardware_watchdog/watchdog.c.obj
                0x10001e24                watchdog_update
 .text._watchdog_enable
                0x10001e38       0x70 CMakeFiles/dac_pdm_test.dir/C_/Users/matth/OneDrive/Raspberry_Pi/Pico/pico-sdk/src/rp2_common/hardware_watchdog/watchdog.c.obj
                0x10001e38                _watchdog_enable
 .text.watchdog_reboot
                0x10001ea8       0x48 CMakeFiles/dac_pdm_test.dir/C_/Users/matth/OneDrive/Raspberry_Pi/Pico/pico-sdk/src/rp2_common/hardware_watchdog/watchdog.c.obj
                0x10001ea8                watchdog_reboot
 .text.xosc_init
                0x10001ef0       0x28 CMakeFiles/dac_pdm_test.dir/C_/Users/matth/OneDrive/Raspberry_Pi/Pico/pico-sdk/src/rp2_common/hardware_xosc/xosc.c.obj
                0x10001ef0                xosc_init
 .text.pll_init
                0x10001f18       0xd0 CMakeFiles/dac_pdm_test.dir/C_/Users/matth/OneDrive/Raspberry_Pi/Pico/pico-sdk/src/rp2_common/hardware_pll/pll.c.obj
                0x10001f18                pll_init
 .text.set_raw_irq_handler_and_unlock
                0x10001fe8       0x28 CMakeFiles/dac_pdm_test.dir/C_/Users/matth/OneDrive/Raspberry_Pi/Pico/pico-sdk/src/rp2_common/hardware_irq/irq.c.obj
 .text.make_branch
                0x10002010       0x34 CMakeFiles/dac_pdm_test.dir/C_/Users/matth/OneDrive/Raspberry_Pi/Pico/pico-sdk/src/rp2_common/hardware_irq/irq.c.obj
 .text.insert_branch_and_link
                0x10002044       0x40 CMakeFiles/dac_pdm_test.dir/C_/Users/matth/OneDrive/Raspberry_Pi/Pico/pico-sdk/src/rp2_common/hardware_irq/irq.c.obj
 .text.irq_is_enabled
                0x10002084       0x18 CMakeFiles/dac_pdm_test.dir/C_/Users/matth/OneDrive/Raspberry_Pi/Pico/pico-sdk/src/rp2_common/hardware_irq/irq.c.obj
                0x10002084                irq_is_enabled
 .text.irq_set_mask_enabled
                0x1000209c       0x20 CMakeFiles/dac_pdm_test.dir/C_/Users/matth/OneDrive/Raspberry_Pi/Pico/pico-sdk/src/rp2_common/hardware_irq/irq.c.obj
                0x1000209c                irq_set_mask_enabled
 .text.irq_set_enabled
                0x100020bc        0xe CMakeFiles/dac_pdm_test.dir/C_/Users/matth/OneDrive/Raspberry_Pi/Pico/pico-sdk/src/rp2_common/hardware_irq/irq.c.obj
                0x100020bc                irq_set_enabled
 *fill*         0x100020ca        0x2 
 .text.irq_set_pending
                0x100020cc       0x10 CMakeFiles/dac_pdm_test.dir/C_/Users/matth/OneDrive/Raspberry_Pi/Pico/pico-sdk/src/rp2_common/hardware_irq/irq.c.obj
                0x100020cc                irq_set_pending
 .text.irq_get_vtable_handler
                0x100020dc       0x10 CMakeFiles/dac_pdm_test.dir/C_/Users/matth/OneDrive/Raspberry_Pi/Pico/pico-sdk/src/rp2_common/hardware_irq/irq.c.obj
                0x100020dc                irq_get_vtable_handler
 .text.irq_set_exclusive_handler
                0x100020ec       0x54 CMakeFiles/dac_pdm_test.dir/C_/Users/matth/OneDrive/Raspberry_Pi/Pico/pico-sdk/src/rp2_common/hardware_irq/irq.c.obj
                0x100020ec                irq_set_exclusive_handler
 .text.irq_remove_handler
                0x10002140      0x1ac CMakeFiles/dac_pdm_test.dir/C_/Users/matth/OneDrive/Raspberry_Pi/Pico/pico-sdk/src/rp2_common/hardware_irq/irq.c.obj
                0x10002140                irq_remove_handler
 .text.irq_set_priority
                0x100022ec       0x28 CMakeFiles/dac_pdm_test.dir/C_/Users/matth/OneDrive/Raspberry_Pi/Pico/pico-sdk/src/rp2_common/hardware_irq/irq.c.obj
                0x100022ec                irq_set_priority
 .text.irq_add_tail_to_free_list
                0x10002314       0xf0 CMakeFiles/dac_pdm_test.dir/C_/Users/matth/OneDrive/Raspberry_Pi/Pico/pico-sdk/src/rp2_common/hardware_irq/irq.c.obj
                0x10002314                irq_add_tail_to_free_list
 .text.irq_init_priorities
                0x10002404       0x16 CMakeFiles/dac_pdm_test.dir/C_/Users/matth/OneDrive/Raspberry_Pi/Pico/pico-sdk/src/rp2_common/hardware_irq/irq.c.obj
                0x10002404                irq_init_priorities
 .text._out_null
                0x1000241a        0x2 CMakeFiles/dac_pdm_test.dir/C_/Users/matth/OneDrive/Raspberry_Pi/Pico/pico-sdk/src/rp2_common/pico_printf/printf.c.obj
 .text._out_fct
                0x1000241c        0xe CMakeFiles/dac_pdm_test.dir/C_/Users/matth/OneDrive/Raspberry_Pi/Pico/pico-sdk/src/rp2_common/pico_printf/printf.c.obj
 .text._atoi    0x1000242a       0x24 CMakeFiles/dac_pdm_test.dir/C_/Users/matth/OneDrive/Raspberry_Pi/Pico/pico-sdk/src/rp2_common/pico_printf/printf.c.obj
 .text._out_rev
                0x1000244e       0xae CMakeFiles/dac_pdm_test.dir/C_/Users/matth/OneDrive/Raspberry_Pi/Pico/pico-sdk/src/rp2_common/pico_printf/printf.c.obj
 .text._ntoa_format
                0x100024fc      0x112 CMakeFiles/dac_pdm_test.dir/C_/Users/matth/OneDrive/Raspberry_Pi/Pico/pico-sdk/src/rp2_common/pico_printf/printf.c.obj
 .text._ntoa_long
                0x1000260e       0xbc CMakeFiles/dac_pdm_test.dir/C_/Users/matth/OneDrive/Raspberry_Pi/Pico/pico-sdk/src/rp2_common/pico_printf/printf.c.obj
 .text._ntoa_long_long
                0x100026ca       0xe2 CMakeFiles/dac_pdm_test.dir/C_/Users/matth/OneDrive/Raspberry_Pi/Pico/pico-sdk/src/rp2_common/pico_printf/printf.c.obj
 .text._etoa    0x100027ac      0x414 CMakeFiles/dac_pdm_test.dir/C_/Users/matth/OneDrive/Raspberry_Pi/Pico/pico-sdk/src/rp2_common/pico_printf/printf.c.obj
 .text._ftoa    0x10002bc0      0x354 CMakeFiles/dac_pdm_test.dir/C_/Users/matth/OneDrive/Raspberry_Pi/Pico/pico-sdk/src/rp2_common/pico_printf/printf.c.obj
 .text._vsnprintf
                0x10002f14      0x624 CMakeFiles/dac_pdm_test.dir/C_/Users/matth/OneDrive/Raspberry_Pi/Pico/pico-sdk/src/rp2_common/pico_printf/printf.c.obj
 .text.vfctprintf
                0x10003538       0x20 CMakeFiles/dac_pdm_test.dir/C_/Users/matth/OneDrive/Raspberry_Pi/Pico/pico-sdk/src/rp2_common/pico_printf/printf.c.obj
                0x10003538                vfctprintf
 .text          0x10003558       0x10 CMakeFiles/dac_pdm_test.dir/C_/Users/matth/OneDrive/Raspberry_Pi/Pico/pico-sdk/src/rp2_common/pico_bit_ops/bit_ops_aeabi.S.obj
 .text.rom_func_lookup
                0x10003568       0x10 CMakeFiles/dac_pdm_test.dir/C_/Users/matth/OneDrive/Raspberry_Pi/Pico/pico-sdk/src/rp2_common/pico_bootrom/bootrom.c.obj
                0x10003568                rom_func_lookup
 .text.rom_data_lookup
                0x10003578       0x10 CMakeFiles/dac_pdm_test.dir/C_/Users/matth/OneDrive/Raspberry_Pi/Pico/pico-sdk/src/rp2_common/pico_bootrom/bootrom.c.obj
                0x10003578                rom_data_lookup
 .text.rom_funcs_lookup
                0x10003588       0x36 CMakeFiles/dac_pdm_test.dir/C_/Users/matth/OneDrive/Raspberry_Pi/Pico/pico-sdk/src/rp2_common/pico_bootrom/bootrom.c.obj
                0x10003588                rom_funcs_lookup
 *fill*         0x100035be        0x2 
 .text.__wrap___aeabi_idiv
                0x100035c0       0x58 CMakeFiles/dac_pdm_test.dir/C_/Users/matth/OneDrive/Raspberry_Pi/Pico/pico-sdk/src/rp2_common/pico_divider/divider.S.obj
                0x100035c0                __wrap___aeabi_idivmod
                0x100035c0                divmod_s32s32
                0x100035c0                div_s32s32
                0x100035c0                __wrap___aeabi_idiv
                0x100035c8                divmod_s32s32_unsafe
                0x100035f4                divmod_s32s32_savestate
 .text.__wrap___aeabi_uidiv
                0x10003618       0x54 CMakeFiles/dac_pdm_test.dir/C_/Users/matth/OneDrive/Raspberry_Pi/Pico/pico-sdk/src/rp2_common/pico_divider/divider.S.obj
                0x10003618                __wrap___aeabi_uidiv
                0x10003618                __wrap___aeabi_uidivmod
                0x10003618                div_u32u32
                0x10003618                divmod_u32u32
                0x10003620                divmod_u32u32_unsafe
                0x10003648                divmod_u32u32_savestate
 .text.__wrap___aeabi_ldiv
                0x1000366c      0x430 CMakeFiles/dac_pdm_test.dir/C_/Users/matth/OneDrive/Raspberry_Pi/Pico/pico-sdk/src/rp2_common/pico_divider/divider.S.obj
                0x1000366c                div_s64s64
                0x1000366c                divmod_s64s64
                0x1000366c                __wrap___aeabi_ldivmod
                0x100036a4                divmod_u64u64
                0x100036a4                div_u64u64
                0x100036a4                __wrap___aeabi_uldivmod
                0x100036b4                divmod_u64u64_savestate
                0x100036dc                divmod_s64s64_unsafe
                0x10003764                divmod_u64u64_unsafe
 .text.push_r8_r11
                0x10003a9c        0xc CMakeFiles/dac_pdm_test.dir/C_/Users/matth/OneDrive/Raspberry_Pi/Pico/pico-sdk/src/rp2_common/pico_double/double_aeabi.S.obj
                0x10003a9c                push_r8_r11
 .text.pop_r8_r11
                0x10003aa8        0xc CMakeFiles/dac_pdm_test.dir/C_/Users/matth/OneDrive/Raspberry_Pi/Pico/pico-sdk/src/rp2_common/pico_double/double_aeabi.S.obj
                0x10003aa8                pop_r8_r11
 .text.__wrap___aeabi_darithmetic
                0x10003ab4       0x54 CMakeFiles/dac_pdm_test.dir/C_/Users/matth/OneDrive/Raspberry_Pi/Pico/pico-sdk/src/rp2_common/pico_double/double_aeabi.S.obj
                0x10003ab4                __wrap___aeabi_drsub
                0x10003aba                __wrap___aeabi_dsub
                0x10003acc                __wrap___aeabi_dadd
                0x10003ade                __wrap___aeabi_ddiv
                0x10003af0                __wrap___aeabi_dmul
 .text.__wrap___aeabi_cdcmple
                0x10003b08       0x6c CMakeFiles/dac_pdm_test.dir/C_/Users/matth/OneDrive/Raspberry_Pi/Pico/pico-sdk/src/rp2_common/pico_double/double_aeabi.S.obj
                0x10003b08                __wrap___aeabi_cdrcmple
                0x10003b18                __wrap___aeabi_cdcmpeq
                0x10003b18                __wrap___aeabi_cdcmple
 .text.__wrap___aeabi_dcmplt
                0x10003b74        0xc CMakeFiles/dac_pdm_test.dir/C_/Users/matth/OneDrive/Raspberry_Pi/Pico/pico-sdk/src/rp2_common/pico_double/double_aeabi.S.obj
                0x10003b74                __wrap___aeabi_dcmplt
 .text.__wrap___aeabi_dcmple
                0x10003b80       0x10 CMakeFiles/dac_pdm_test.dir/C_/Users/matth/OneDrive/Raspberry_Pi/Pico/pico-sdk/src/rp2_common/pico_double/double_aeabi.S.obj
                0x10003b80                __wrap___aeabi_dcmple
 .text.__wrap___aeabi_dcmpge
                0x10003b90       0x10 CMakeFiles/dac_pdm_test.dir/C_/Users/matth/OneDrive/Raspberry_Pi/Pico/pico-sdk/src/rp2_common/pico_double/double_aeabi.S.obj
                0x10003b90                __wrap___aeabi_dcmpge
 .text.__wrap___aeabi_dcmpgt
                0x10003ba0        0xa CMakeFiles/dac_pdm_test.dir/C_/Users/matth/OneDrive/Raspberry_Pi/Pico/pico-sdk/src/rp2_common/pico_double/double_aeabi.S.obj
                0x10003ba0                __wrap___aeabi_dcmpgt
 .text.__wrap___aeabi_dcmpun
                0x10003baa       0x1c CMakeFiles/dac_pdm_test.dir/C_/Users/matth/OneDrive/Raspberry_Pi/Pico/pico-sdk/src/rp2_common/pico_double/double_aeabi.S.obj
                0x10003baa                __wrap___aeabi_dcmpun
 *fill*         0x10003bc6        0x2 
 .text.__wrap___aeabi_i2d
                0x10003bc8       0x38 CMakeFiles/dac_pdm_test.dir/C_/Users/matth/OneDrive/Raspberry_Pi/Pico/pico-sdk/src/rp2_common/pico_double/double_aeabi.S.obj
                0x10003bc8                __wrap___aeabi_ui2d
                0x10003bd0                __wrap___aeabi_i2d
 .text.__wrap___aeabi_d2iz
                0x10003c00       0x48 CMakeFiles/dac_pdm_test.dir/C_/Users/matth/OneDrive/Raspberry_Pi/Pico/pico-sdk/src/rp2_common/pico_double/double_aeabi.S.obj
                0x10003c00                double2int_z
                0x10003c00                __wrap___aeabi_d2iz
 .text.__wrap___aeabi_d2uiz
                0x10003c48       0x18 CMakeFiles/dac_pdm_test.dir/C_/Users/matth/OneDrive/Raspberry_Pi/Pico/pico-sdk/src/rp2_common/pico_double/double_aeabi.S.obj
                0x10003c48                __wrap___aeabi_d2uiz
                0x10003c48                double2uint
 .text.fix642double
                0x10003c60       0x18 CMakeFiles/dac_pdm_test.dir/C_/Users/matth/OneDrive/Raspberry_Pi/Pico/pico-sdk/src/rp2_common/pico_double/double_aeabi.S.obj
                0x10003c60                fix642double
 .text.__wrap_sincostan_remainder
                0x10003c78       0x14 CMakeFiles/dac_pdm_test.dir/C_/Users/matth/OneDrive/Raspberry_Pi/Pico/pico-sdk/src/rp2_common/pico_double/double_aeabi.S.obj
                0x10003c78                sincostan_remainder
 .text.__wrap_sin
                0x10003c8c       0x2c CMakeFiles/dac_pdm_test.dir/C_/Users/matth/OneDrive/Raspberry_Pi/Pico/pico-sdk/src/rp2_common/pico_double/double_aeabi.S.obj
                0x10003c8c                __wrap_sin
 .text.__aeabi_double_init
                0x10003cb8       0xb8 CMakeFiles/dac_pdm_test.dir/C_/Users/matth/OneDrive/Raspberry_Pi/Pico/pico-sdk/src/rp2_common/pico_double/double_init_rom.c.obj
                0x10003cb8                __aeabi_double_init
 .text.drem_0   0x10003d70      0x130 CMakeFiles/dac_pdm_test.dir/C_/Users/matth/OneDrive/Raspberry_Pi/Pico/pico-sdk/src/rp2_common/pico_double/double_math.c.obj
 .text.__wrap_ceil
                0x10003ea0       0x9c CMakeFiles/dac_pdm_test.dir/C_/Users/matth/OneDrive/Raspberry_Pi/Pico/pico-sdk/src/rp2_common/pico_double/double_math.c.obj
                0x10003ea0                __wrap_ceil
 .text.__wrap_remquo
                0x10003f3c      0x17c CMakeFiles/dac_pdm_test.dir/C_/Users/matth/OneDrive/Raspberry_Pi/Pico/pico-sdk/src/rp2_common/pico_double/double_math.c.obj
                0x10003f3c                __wrap_remquo
 .text.__wrap_remainder
                0x100040b8       0x10 CMakeFiles/dac_pdm_test.dir/C_/Users/matth/OneDrive/Raspberry_Pi/Pico/pico-sdk/src/rp2_common/pico_double/double_math.c.obj
                0x100040b8                __wrap_remainder
 .text.double_table_shim_on_use_helper
                0x100040c8       0x34 CMakeFiles/dac_pdm_test.dir/C_/Users/matth/OneDrive/Raspberry_Pi/Pico/pico-sdk/src/rp2_common/pico_double/double_v1_rom_shim.S.obj
                0x100040c8                double_table_shim_on_use_helper
 .text.__wrap___aeabi_dsub
                0x100040fc       0x10 CMakeFiles/dac_pdm_test.dir/C_/Users/matth/OneDrive/Raspberry_Pi/Pico/pico-sdk/src/rp2_common/pico_double/double_v1_rom_shim.S.obj
                0x100040fc                drsub_shim
                0x10004102                dsub_shim
 .text.dadd_shim
                0x1000410c      0x15c CMakeFiles/dac_pdm_test.dir/C_/Users/matth/OneDrive/Raspberry_Pi/Pico/pico-sdk/src/rp2_common/pico_double/double_v1_rom_shim.S.obj
                0x1000410c                dadd_shim
 .text.dmul_shim
                0x10004268      0x15c CMakeFiles/dac_pdm_test.dir/C_/Users/matth/OneDrive/Raspberry_Pi/Pico/pico-sdk/src/rp2_common/pico_double/double_v1_rom_shim.S.obj
                0x10004268                dmul_shim
 .text.ddiv_shim
                0x100043c4      0x1b0 CMakeFiles/dac_pdm_test.dir/C_/Users/matth/OneDrive/Raspberry_Pi/Pico/pico-sdk/src/rp2_common/pico_double/double_v1_rom_shim.S.obj
                0x100043c4                ddiv_shim
 .text.dcordic_vec_step
                0x10004574        0xe CMakeFiles/dac_pdm_test.dir/C_/Users/matth/OneDrive/Raspberry_Pi/Pico/pico-sdk/src/rp2_common/pico_double/double_v1_rom_shim.S.obj
                0x10004574                dcordic_vec_step
 .text.dcordic_rot_step
                0x10004582       0x7c CMakeFiles/dac_pdm_test.dir/C_/Users/matth/OneDrive/Raspberry_Pi/Pico/pico-sdk/src/rp2_common/pico_double/double_v1_rom_shim.S.obj
                0x10004582                dcordic_rot_step
 .text.double2uint_shim
                0x100045fe        0xe CMakeFiles/dac_pdm_test.dir/C_/Users/matth/OneDrive/Raspberry_Pi/Pico/pico-sdk/src/rp2_common/pico_double/double_v1_rom_shim.S.obj
                0x100045fe                double2uint_shim
                0x10004600                double2ufix_shim
 .text.double2int64_shim
                0x1000460c       0x1a CMakeFiles/dac_pdm_test.dir/C_/Users/matth/OneDrive/Raspberry_Pi/Pico/pico-sdk/src/rp2_common/pico_double/double_v1_rom_shim.S.obj
                0x1000460c                double2int64_shim
                0x1000460e                double2fix64_shim
 *fill*         0x10004626        0x2 
 .text.double2uint64_shim
                0x10004628       0x6c CMakeFiles/dac_pdm_test.dir/C_/Users/matth/OneDrive/Raspberry_Pi/Pico/pico-sdk/src/rp2_common/pico_double/double_v1_rom_shim.S.obj
                0x10004628                double2uint64_shim
                0x1000462a                double2ufix64_shim
                0x10004644                d2fix_a
 .text.x2double_shims
                0x10004694       0x90 CMakeFiles/dac_pdm_test.dir/C_/Users/matth/OneDrive/Raspberry_Pi/Pico/pico-sdk/src/rp2_common/pico_double/double_v1_rom_shim.S.obj
                0x10004694                uint2double_shim
                0x10004696                ufix2double_shim
                0x1000469c                int2double_shim
                0x1000469e                fix2double_shim
                0x100046a4                uint642double_shim
                0x100046a6                ufix642double_shim
                0x100046ac                int642double_shim
                0x100046ae                fix642double_shim
 .text.dunpacks
                0x10004724       0x3c CMakeFiles/dac_pdm_test.dir/C_/Users/matth/OneDrive/Raspberry_Pi/Pico/pico-sdk/src/rp2_common/pico_double/double_v1_rom_shim.S.obj
                0x10004724                dunpacks
 .text.dreduce  0x10004760       0x82 CMakeFiles/dac_pdm_test.dir/C_/Users/matth/OneDrive/Raspberry_Pi/Pico/pico-sdk/src/rp2_common/pico_double/double_v1_rom_shim.S.obj
                0x10004760                dreduce
 .text.dsin_shim
                0x100047e2       0x14 CMakeFiles/dac_pdm_test.dir/C_/Users/matth/OneDrive/Raspberry_Pi/Pico/pico-sdk/src/rp2_common/pico_double/double_v1_rom_shim.S.obj
                0x100047e2                dsin_shim
 *fill*         0x100047f6        0x2 
 .text.dtrig_guts
                0x100047f8      0x2ec CMakeFiles/dac_pdm_test.dir/C_/Users/matth/OneDrive/Raspberry_Pi/Pico/pico-sdk/src/rp2_common/pico_double/double_v1_rom_shim.S.obj
                0x100048d0                datan2_shim
 .text.__aeabi_lmul
                0x10004ae4       0x32 CMakeFiles/dac_pdm_test.dir/C_/Users/matth/OneDrive/Raspberry_Pi/Pico/pico-sdk/src/rp2_common/pico_int64_ops/pico_int64_ops_aeabi.S.obj
                0x10004ae4                __wrap___aeabi_lmul
 *fill*         0x10004b16        0x2 
 .text.__aeabi_float_init
                0x10004b18       0xfc CMakeFiles/dac_pdm_test.dir/C_/Users/matth/OneDrive/Raspberry_Pi/Pico/pico-sdk/src/rp2_common/pico_float/float_init_rom.c.obj
                0x10004b18                __aeabi_float_init
 .text.float_table_shim_on_use_helper
                0x10004c14       0x34 CMakeFiles/dac_pdm_test.dir/C_/Users/matth/OneDrive/Raspberry_Pi/Pico/pico-sdk/src/rp2_common/pico_float/float_v1_rom_shim.S.obj
                0x10004c14                float_table_shim_on_use_helper
 .text          0x10004c48       0x10 CMakeFiles/dac_pdm_test.dir/C_/Users/matth/OneDrive/Raspberry_Pi/Pico/pico-sdk/src/rp2_common/pico_mem_ops/mem_ops_aeabi.S.obj
                0x10004c48                __aeabi_mem_init
 .text.memset   0x10004c58        0xc CMakeFiles/dac_pdm_test.dir/C_/Users/matth/OneDrive/Raspberry_Pi/Pico/pico-sdk/src/rp2_common/pico_mem_ops/mem_ops_aeabi.S.obj
                0x10004c58                __wrap_memset
 .text.memcpy   0x10004c64        0xc CMakeFiles/dac_pdm_test.dir/C_/Users/matth/OneDrive/Raspberry_Pi/Pico/pico-sdk/src/rp2_common/pico_mem_ops/mem_ops_aeabi.S.obj
                0x10004c64                __wrap_memcpy
                0x10004c64                __wrap___aeabi_memcpy
 .text.stdio_out_chars_crlf
                0x10004c70       0x80 CMakeFiles/dac_pdm_test.dir/C_/Users/matth/OneDrive/Raspberry_Pi/Pico/pico-sdk/src/rp2_common/pico_stdio/stdio.c.obj
 .text.stdio_stack_buffer_flush
                0x10004cf0       0x44 CMakeFiles/dac_pdm_test.dir/C_/Users/matth/OneDrive/Raspberry_Pi/Pico/pico-sdk/src/rp2_common/pico_stdio/stdio.c.obj
 .text.stdio_buffered_printer
                0x10004d34       0x20 CMakeFiles/dac_pdm_test.dir/C_/Users/matth/OneDrive/Raspberry_Pi/Pico/pico-sdk/src/rp2_common/pico_stdio/stdio.c.obj
 .text.stdout_serialize_begin
                0x10004d54       0x2c CMakeFiles/dac_pdm_test.dir/C_/Users/matth/OneDrive/Raspberry_Pi/Pico/pico-sdk/src/rp2_common/pico_stdio/stdio.c.obj
                0x10004d54                stdout_serialize_begin
 .text.stdout_serialize_end
                0x10004d80       0x10 CMakeFiles/dac_pdm_test.dir/C_/Users/matth/OneDrive/Raspberry_Pi/Pico/pico-sdk/src/rp2_common/pico_stdio/stdio.c.obj
                0x10004d80                stdout_serialize_end
 .text.stdio_put_string
                0x10004d90       0x84 CMakeFiles/dac_pdm_test.dir/C_/Users/matth/OneDrive/Raspberry_Pi/Pico/pico-sdk/src/rp2_common/pico_stdio/stdio.c.obj
 .text.stdio_set_driver_enabled
                0x10004e14       0x38 CMakeFiles/dac_pdm_test.dir/C_/Users/matth/OneDrive/Raspberry_Pi/Pico/pico-sdk/src/rp2_common/pico_stdio/stdio.c.obj
                0x10004e14                stdio_set_driver_enabled
 .text.stdio_flush
                0x10004e4c       0x20 CMakeFiles/dac_pdm_test.dir/C_/Users/matth/OneDrive/Raspberry_Pi/Pico/pico-sdk/src/rp2_common/pico_stdio/stdio.c.obj
                0x10004e4c                stdio_flush
 .text.__wrap_puts
                0x10004e6c       0x1c CMakeFiles/dac_pdm_test.dir/C_/Users/matth/OneDrive/Raspberry_Pi/Pico/pico-sdk/src/rp2_common/pico_stdio/stdio.c.obj
                0x10004e6c                __wrap_puts
 .text.__wrap_vprintf
                0x10004e88       0x44 CMakeFiles/dac_pdm_test.dir/C_/Users/matth/OneDrive/Raspberry_Pi/Pico/pico-sdk/src/rp2_common/pico_stdio/stdio.c.obj
                0x10004e88                __wrap_vprintf
 .text.__wrap_printf
                0x10004ecc       0x18 CMakeFiles/dac_pdm_test.dir/C_/Users/matth/OneDrive/Raspberry_Pi/Pico/pico-sdk/src/rp2_common/pico_stdio/stdio.c.obj
                0x10004ecc                __wrap_printf
 .text.stdio_init_all
                0x10004ee4        0x8 CMakeFiles/dac_pdm_test.dir/C_/Users/matth/OneDrive/Raspberry_Pi/Pico/pico-sdk/src/rp2_common/pico_stdio/stdio.c.obj
                0x10004ee4                stdio_init_all
 .text.resetd_init
                0x10004eec        0x2 CMakeFiles/dac_pdm_test.dir/C_/Users/matth/OneDrive/Raspberry_Pi/Pico/pico-sdk/src/rp2_common/pico_stdio_usb/reset_interface.c.obj
 *fill*         0x10004eee        0x2 
 .text.resetd_reset
                0x10004ef0        0xc CMakeFiles/dac_pdm_test.dir/C_/Users/matth/OneDrive/Raspberry_Pi/Pico/pico-sdk/src/rp2_common/pico_stdio_usb/reset_interface.c.obj
 .text.resetd_open
                0x10004efc       0x34 CMakeFiles/dac_pdm_test.dir/C_/Users/matth/OneDrive/Raspberry_Pi/Pico/pico-sdk/src/rp2_common/pico_stdio_usb/reset_interface.c.obj
 .text.resetd_control_complete_cb
                0x10004f30        0x4 CMakeFiles/dac_pdm_test.dir/C_/Users/matth/OneDrive/Raspberry_Pi/Pico/pico-sdk/src/rp2_common/pico_stdio_usb/reset_interface.c.obj
 .text.resetd_xfer_cb
                0x10004f34        0x4 CMakeFiles/dac_pdm_test.dir/C_/Users/matth/OneDrive/Raspberry_Pi/Pico/pico-sdk/src/rp2_common/pico_stdio_usb/reset_interface.c.obj
 .text.reset_usb_boot
                0x10004f38       0x18 CMakeFiles/dac_pdm_test.dir/C_/Users/matth/OneDrive/Raspberry_Pi/Pico/pico-sdk/src/rp2_common/pico_stdio_usb/reset_interface.c.obj
 .text.resetd_control_request_cb
                0x10004f50       0x58 CMakeFiles/dac_pdm_test.dir/C_/Users/matth/OneDrive/Raspberry_Pi/Pico/pico-sdk/src/rp2_common/pico_stdio_usb/reset_interface.c.obj
 .text.usbd_app_driver_get_cb
                0x10004fa8        0xc CMakeFiles/dac_pdm_test.dir/C_/Users/matth/OneDrive/Raspberry_Pi/Pico/pico-sdk/src/rp2_common/pico_stdio_usb/reset_interface.c.obj
                0x10004fa8                usbd_app_driver_get_cb
 .text.tud_cdc_line_coding_cb
                0x10004fb4       0x28 CMakeFiles/dac_pdm_test.dir/C_/Users/matth/OneDrive/Raspberry_Pi/Pico/pico-sdk/src/rp2_common/pico_stdio_usb/reset_interface.c.obj
                0x10004fb4                tud_cdc_line_coding_cb
 .text.stdio_usb_in_chars
                0x10004fdc       0x70 CMakeFiles/dac_pdm_test.dir/C_/Users/matth/OneDrive/Raspberry_Pi/Pico/pico-sdk/src/rp2_common/pico_stdio_usb/stdio_usb.c.obj
                0x10004fdc                stdio_usb_in_chars
 .text.low_priority_worker_irq
                0x1000504c       0x20 CMakeFiles/dac_pdm_test.dir/C_/Users/matth/OneDrive/Raspberry_Pi/Pico/pico-sdk/src/rp2_common/pico_stdio_usb/stdio_usb.c.obj
 .text.stdio_usb_out_chars
                0x1000506c       0xd4 CMakeFiles/dac_pdm_test.dir/C_/Users/matth/OneDrive/Raspberry_Pi/Pico/pico-sdk/src/rp2_common/pico_stdio_usb/stdio_usb.c.obj
 .text.timer_task
                0x10005140       0x10 CMakeFiles/dac_pdm_test.dir/C_/Users/matth/OneDrive/Raspberry_Pi/Pico/pico-sdk/src/rp2_common/pico_stdio_usb/stdio_usb.c.obj
 .text.stdio_usb_init
                0x10005150       0xb8 CMakeFiles/dac_pdm_test.dir/C_/Users/matth/OneDrive/Raspberry_Pi/Pico/pico-sdk/src/rp2_common/pico_stdio_usb/stdio_usb.c.obj
                0x10005150                stdio_usb_init
 .text.tud_descriptor_device_cb
                0x10005208        0x8 CMakeFiles/dac_pdm_test.dir/C_/Users/matth/OneDrive/Raspberry_Pi/Pico/pico-sdk/src/rp2_common/pico_stdio_usb/stdio_usb_descriptors.c.obj
                0x10005208                tud_descriptor_device_cb
 .text.tud_descriptor_configuration_cb
                0x10005210        0x8 CMakeFiles/dac_pdm_test.dir/C_/Users/matth/OneDrive/Raspberry_Pi/Pico/pico-sdk/src/rp2_common/pico_stdio_usb/stdio_usb_descriptors.c.obj
                0x10005210                tud_descriptor_configuration_cb
 .text.tud_descriptor_string_cb
                0x10005218       0x50 CMakeFiles/dac_pdm_test.dir/C_/Users/matth/OneDrive/Raspberry_Pi/Pico/pico-sdk/src/rp2_common/pico_stdio_usb/stdio_usb_descriptors.c.obj
                0x10005218                tud_descriptor_string_cb
 .text.hw_endpoint_get_by_addr
                0x10005268       0x1c CMakeFiles/dac_pdm_test.dir/C_/Users/matth/OneDrive/Raspberry_Pi/Pico/pico-sdk/lib/tinyusb/src/portable/raspberrypi/rp2040/dcd_rp2040.c.obj
 .text.reset_ep0
                0x10005284       0x2c CMakeFiles/dac_pdm_test.dir/C_/Users/matth/OneDrive/Raspberry_Pi/Pico/pico-sdk/lib/tinyusb/src/portable/raspberrypi/rp2040/dcd_rp2040.c.obj
 .text._hw_endpoint_alloc
                0x100052b0       0x7c CMakeFiles/dac_pdm_test.dir/C_/Users/matth/OneDrive/Raspberry_Pi/Pico/pico-sdk/lib/tinyusb/src/portable/raspberrypi/rp2040/dcd_rp2040.c.obj
 .text._hw_endpoint_init
                0x1000532c       0xbc CMakeFiles/dac_pdm_test.dir/C_/Users/matth/OneDrive/Raspberry_Pi/Pico/pico-sdk/lib/tinyusb/src/portable/raspberrypi/rp2040/dcd_rp2040.c.obj
 .text.hw_endpoint_init
                0x100053e8       0x18 CMakeFiles/dac_pdm_test.dir/C_/Users/matth/OneDrive/Raspberry_Pi/Pico/pico-sdk/lib/tinyusb/src/portable/raspberrypi/rp2040/dcd_rp2040.c.obj
 .text.hw_handle_buff_status
                0x10005400       0xb8 CMakeFiles/dac_pdm_test.dir/C_/Users/matth/OneDrive/Raspberry_Pi/Pico/pico-sdk/lib/tinyusb/src/portable/raspberrypi/rp2040/dcd_rp2040.c.obj
 .text.dcd_rp2040_irq
                0x100054b8       0x8c CMakeFiles/dac_pdm_test.dir/C_/Users/matth/OneDrive/Raspberry_Pi/Pico/pico-sdk/lib/tinyusb/src/portable/raspberrypi/rp2040/dcd_rp2040.c.obj
 .text.hw_endpoint_xfer
                0x10005544       0x18 CMakeFiles/dac_pdm_test.dir/C_/Users/matth/OneDrive/Raspberry_Pi/Pico/pico-sdk/lib/tinyusb/src/portable/raspberrypi/rp2040/dcd_rp2040.c.obj
 .text.ep0_0len_status
                0x1000555c       0x14 CMakeFiles/dac_pdm_test.dir/C_/Users/matth/OneDrive/Raspberry_Pi/Pico/pico-sdk/lib/tinyusb/src/portable/raspberrypi/rp2040/dcd_rp2040.c.obj
 .text._hw_endpoint_stall
                0x10005570       0x54 CMakeFiles/dac_pdm_test.dir/C_/Users/matth/OneDrive/Raspberry_Pi/Pico/pico-sdk/lib/tinyusb/src/portable/raspberrypi/rp2040/dcd_rp2040.c.obj
 .text.hw_endpoint_stall
                0x100055c4        0xc CMakeFiles/dac_pdm_test.dir/C_/Users/matth/OneDrive/Raspberry_Pi/Pico/pico-sdk/lib/tinyusb/src/portable/raspberrypi/rp2040/dcd_rp2040.c.obj
 .text._hw_endpoint_clear_stall
                0x100055d0       0x34 CMakeFiles/dac_pdm_test.dir/C_/Users/matth/OneDrive/Raspberry_Pi/Pico/pico-sdk/lib/tinyusb/src/portable/raspberrypi/rp2040/dcd_rp2040.c.obj
 .text.hw_endpoint_clear_stall
                0x10005604        0xc CMakeFiles/dac_pdm_test.dir/C_/Users/matth/OneDrive/Raspberry_Pi/Pico/pico-sdk/lib/tinyusb/src/portable/raspberrypi/rp2040/dcd_rp2040.c.obj
 .text.dcd_int_enable
                0x10005610       0x2c CMakeFiles/dac_pdm_test.dir/C_/Users/matth/OneDrive/Raspberry_Pi/Pico/pico-sdk/lib/tinyusb/src/portable/raspberrypi/rp2040/dcd_rp2040.c.obj
                0x10005610                dcd_int_enable
 .text.dcd_set_address
                0x1000563c       0x30 CMakeFiles/dac_pdm_test.dir/C_/Users/matth/OneDrive/Raspberry_Pi/Pico/pico-sdk/lib/tinyusb/src/portable/raspberrypi/rp2040/dcd_rp2040.c.obj
                0x1000563c                dcd_set_address
 .text.dcd_connect
                0x1000566c       0x30 CMakeFiles/dac_pdm_test.dir/C_/Users/matth/OneDrive/Raspberry_Pi/Pico/pico-sdk/lib/tinyusb/src/portable/raspberrypi/rp2040/dcd_rp2040.c.obj
                0x1000566c                dcd_connect
 .text.dcd_init
                0x1000569c       0x90 CMakeFiles/dac_pdm_test.dir/C_/Users/matth/OneDrive/Raspberry_Pi/Pico/pico-sdk/lib/tinyusb/src/portable/raspberrypi/rp2040/dcd_rp2040.c.obj
                0x1000569c                dcd_init
 .text.dcd_edpt0_status_complete
                0x1000572c       0x44 CMakeFiles/dac_pdm_test.dir/C_/Users/matth/OneDrive/Raspberry_Pi/Pico/pico-sdk/lib/tinyusb/src/portable/raspberrypi/rp2040/dcd_rp2040.c.obj
                0x1000572c                dcd_edpt0_status_complete
 .text.dcd_edpt_open
                0x10005770       0x40 CMakeFiles/dac_pdm_test.dir/C_/Users/matth/OneDrive/Raspberry_Pi/Pico/pico-sdk/lib/tinyusb/src/portable/raspberrypi/rp2040/dcd_rp2040.c.obj
                0x10005770                dcd_edpt_open
 .text.dcd_edpt_xfer
                0x100057b0       0x34 CMakeFiles/dac_pdm_test.dir/C_/Users/matth/OneDrive/Raspberry_Pi/Pico/pico-sdk/lib/tinyusb/src/portable/raspberrypi/rp2040/dcd_rp2040.c.obj
                0x100057b0                dcd_edpt_xfer
 .text.dcd_edpt_stall
                0x100057e4       0x28 CMakeFiles/dac_pdm_test.dir/C_/Users/matth/OneDrive/Raspberry_Pi/Pico/pico-sdk/lib/tinyusb/src/portable/raspberrypi/rp2040/dcd_rp2040.c.obj
                0x100057e4                dcd_edpt_stall
 .text.dcd_edpt_clear_stall
                0x1000580c       0x28 CMakeFiles/dac_pdm_test.dir/C_/Users/matth/OneDrive/Raspberry_Pi/Pico/pico-sdk/lib/tinyusb/src/portable/raspberrypi/rp2040/dcd_rp2040.c.obj
                0x1000580c                dcd_edpt_clear_stall
 .text.rp2040_usb_init
                0x10005834       0x50 CMakeFiles/dac_pdm_test.dir/C_/Users/matth/OneDrive/Raspberry_Pi/Pico/pico-sdk/lib/tinyusb/src/portable/raspberrypi/rp2040/rp2040_usb.c.obj
                0x10005834                rp2040_usb_init
 .text.hw_endpoint_reset_transfer
                0x10005884       0x14 CMakeFiles/dac_pdm_test.dir/C_/Users/matth/OneDrive/Raspberry_Pi/Pico/pico-sdk/lib/tinyusb/src/portable/raspberrypi/rp2040/rp2040_usb.c.obj
                0x10005884                hw_endpoint_reset_transfer
 .text._hw_endpoint_buffer_control_update32
                0x10005898       0x54 CMakeFiles/dac_pdm_test.dir/C_/Users/matth/OneDrive/Raspberry_Pi/Pico/pico-sdk/lib/tinyusb/src/portable/raspberrypi/rp2040/rp2040_usb.c.obj
                0x10005898                _hw_endpoint_buffer_control_update32
 .text._hw_endpoint_start_next_buffer
                0x100058ec       0x5a CMakeFiles/dac_pdm_test.dir/C_/Users/matth/OneDrive/Raspberry_Pi/Pico/pico-sdk/lib/tinyusb/src/portable/raspberrypi/rp2040/rp2040_usb.c.obj
                0x100058ec                _hw_endpoint_start_next_buffer
 .text._hw_endpoint_xfer_start
                0x10005946       0x46 CMakeFiles/dac_pdm_test.dir/C_/Users/matth/OneDrive/Raspberry_Pi/Pico/pico-sdk/lib/tinyusb/src/portable/raspberrypi/rp2040/rp2040_usb.c.obj
                0x10005946                _hw_endpoint_xfer_start
 .text._hw_endpoint_xfer_sync
                0x1000598c       0x74 CMakeFiles/dac_pdm_test.dir/C_/Users/matth/OneDrive/Raspberry_Pi/Pico/pico-sdk/lib/tinyusb/src/portable/raspberrypi/rp2040/rp2040_usb.c.obj
                0x1000598c                _hw_endpoint_xfer_sync
 .text._hw_endpoint_xfer_continue
                0x10005a00       0x58 CMakeFiles/dac_pdm_test.dir/C_/Users/matth/OneDrive/Raspberry_Pi/Pico/pico-sdk/lib/tinyusb/src/portable/raspberrypi/rp2040/rp2040_usb.c.obj
                0x10005a00                _hw_endpoint_xfer_continue
 .text._hw_endpoint_xfer
                0x10005a58       0x34 CMakeFiles/dac_pdm_test.dir/C_/Users/matth/OneDrive/Raspberry_Pi/Pico/pico-sdk/lib/tinyusb/src/portable/raspberrypi/rp2040/rp2040_usb.c.obj
                0x10005a58                _hw_endpoint_xfer
 .text.mark_interface_endpoint
                0x10005a8c       0x2a CMakeFiles/dac_pdm_test.dir/C_/Users/matth/OneDrive/Raspberry_Pi/Pico/pico-sdk/lib/tinyusb/src/device/usbd.c.obj
 *fill*         0x10005ab6        0x2 
 .text.usbd_reset
                0x10005ab8       0x88 CMakeFiles/dac_pdm_test.dir/C_/Users/matth/OneDrive/Raspberry_Pi/Pico/pico-sdk/lib/tinyusb/src/device/usbd.c.obj
 .text.invoke_class_control
                0x10005b40       0x18 CMakeFiles/dac_pdm_test.dir/C_/Users/matth/OneDrive/Raspberry_Pi/Pico/pico-sdk/lib/tinyusb/src/device/usbd.c.obj
 .text.process_set_config
                0x10005b58      0x1d0 CMakeFiles/dac_pdm_test.dir/C_/Users/matth/OneDrive/Raspberry_Pi/Pico/pico-sdk/lib/tinyusb/src/device/usbd.c.obj
 .text.process_get_descriptor
                0x10005d28       0xf4 CMakeFiles/dac_pdm_test.dir/C_/Users/matth/OneDrive/Raspberry_Pi/Pico/pico-sdk/lib/tinyusb/src/device/usbd.c.obj
 .text.tud_mounted
                0x10005e1c       0x10 CMakeFiles/dac_pdm_test.dir/C_/Users/matth/OneDrive/Raspberry_Pi/Pico/pico-sdk/lib/tinyusb/src/device/usbd.c.obj
                0x10005e1c                tud_mounted
 .text.tud_suspended
                0x10005e2c       0x10 CMakeFiles/dac_pdm_test.dir/C_/Users/matth/OneDrive/Raspberry_Pi/Pico/pico-sdk/lib/tinyusb/src/device/usbd.c.obj
                0x10005e2c                tud_suspended
 .text.tud_init
                0x10005e3c       0xb8 CMakeFiles/dac_pdm_test.dir/C_/Users/matth/OneDrive/Raspberry_Pi/Pico/pico-sdk/lib/tinyusb/src/device/usbd.c.obj
                0x10005e3c                tud_init
 .text.dcd_event_handler
                0x10005ef4      0x1c4 CMakeFiles/dac_pdm_test.dir/C_/Users/matth/OneDrive/Raspberry_Pi/Pico/pico-sdk/lib/tinyusb/src/device/usbd.c.obj
                0x10005ef4                dcd_event_handler
 .text.dcd_event_bus_signal
                0x100060b8       0x26 CMakeFiles/dac_pdm_test.dir/C_/Users/matth/OneDrive/Raspberry_Pi/Pico/pico-sdk/lib/tinyusb/src/device/usbd.c.obj
                0x100060b8                dcd_event_bus_signal
 .text.dcd_event_setup_received
                0x100060de       0x34 CMakeFiles/dac_pdm_test.dir/C_/Users/matth/OneDrive/Raspberry_Pi/Pico/pico-sdk/lib/tinyusb/src/device/usbd.c.obj
                0x100060de                dcd_event_setup_received
 .text.dcd_event_xfer_complete
                0x10006112       0x44 CMakeFiles/dac_pdm_test.dir/C_/Users/matth/OneDrive/Raspberry_Pi/Pico/pico-sdk/lib/tinyusb/src/device/usbd.c.obj
                0x10006112                dcd_event_xfer_complete
 .text.usbd_edpt_open
                0x10006156        0x8 CMakeFiles/dac_pdm_test.dir/C_/Users/matth/OneDrive/Raspberry_Pi/Pico/pico-sdk/lib/tinyusb/src/device/usbd.c.obj
                0x10006156                usbd_edpt_open
 *fill*         0x1000615e        0x2 
 .text.usbd_open_edpt_pair
                0x10006160       0x8c CMakeFiles/dac_pdm_test.dir/C_/Users/matth/OneDrive/Raspberry_Pi/Pico/pico-sdk/lib/tinyusb/src/device/usbd.c.obj
                0x10006160                usbd_open_edpt_pair
 .text.usbd_edpt_claim
                0x100061ec       0x8c CMakeFiles/dac_pdm_test.dir/C_/Users/matth/OneDrive/Raspberry_Pi/Pico/pico-sdk/lib/tinyusb/src/device/usbd.c.obj
                0x100061ec                usbd_edpt_claim
 .text.usbd_edpt_release
                0x10006278       0x68 CMakeFiles/dac_pdm_test.dir/C_/Users/matth/OneDrive/Raspberry_Pi/Pico/pico-sdk/lib/tinyusb/src/device/usbd.c.obj
                0x10006278                usbd_edpt_release
 .text.usbd_edpt_xfer
                0x100062e0       0x80 CMakeFiles/dac_pdm_test.dir/C_/Users/matth/OneDrive/Raspberry_Pi/Pico/pico-sdk/lib/tinyusb/src/device/usbd.c.obj
                0x100062e0                usbd_edpt_xfer
 .text.usbd_edpt_stall
                0x10006360       0x2c CMakeFiles/dac_pdm_test.dir/C_/Users/matth/OneDrive/Raspberry_Pi/Pico/pico-sdk/lib/tinyusb/src/device/usbd.c.obj
                0x10006360                usbd_edpt_stall
 .text.usbd_edpt_clear_stall
                0x1000638c       0x2c CMakeFiles/dac_pdm_test.dir/C_/Users/matth/OneDrive/Raspberry_Pi/Pico/pico-sdk/lib/tinyusb/src/device/usbd.c.obj
                0x1000638c                usbd_edpt_clear_stall
 .text.usbd_edpt_stalled
                0x100063b8       0x1c CMakeFiles/dac_pdm_test.dir/C_/Users/matth/OneDrive/Raspberry_Pi/Pico/pico-sdk/lib/tinyusb/src/device/usbd.c.obj
                0x100063b8                usbd_edpt_stalled
 .text.process_control_request
                0x100063d4      0x37c CMakeFiles/dac_pdm_test.dir/C_/Users/matth/OneDrive/Raspberry_Pi/Pico/pico-sdk/lib/tinyusb/src/device/usbd.c.obj
 .text.tud_task
                0x10006750      0x204 CMakeFiles/dac_pdm_test.dir/C_/Users/matth/OneDrive/Raspberry_Pi/Pico/pico-sdk/lib/tinyusb/src/device/usbd.c.obj
                0x10006750                tud_task
 .text._data_stage_xact
                0x10006954       0x58 CMakeFiles/dac_pdm_test.dir/C_/Users/matth/OneDrive/Raspberry_Pi/Pico/pico-sdk/lib/tinyusb/src/device/usbd_control.c.obj
 .text.tud_control_status
                0x100069ac       0x38 CMakeFiles/dac_pdm_test.dir/C_/Users/matth/OneDrive/Raspberry_Pi/Pico/pico-sdk/lib/tinyusb/src/device/usbd_control.c.obj
                0x100069ac                tud_control_status
 .text.tud_control_xfer
                0x100069e4       0xa8 CMakeFiles/dac_pdm_test.dir/C_/Users/matth/OneDrive/Raspberry_Pi/Pico/pico-sdk/lib/tinyusb/src/device/usbd_control.c.obj
                0x100069e4                tud_control_xfer
 .text.usbd_control_reset
                0x10006a8c       0x14 CMakeFiles/dac_pdm_test.dir/C_/Users/matth/OneDrive/Raspberry_Pi/Pico/pico-sdk/lib/tinyusb/src/device/usbd_control.c.obj
                0x10006a8c                usbd_control_reset
 .text.usbd_control_set_complete_callback
                0x10006aa0        0xc CMakeFiles/dac_pdm_test.dir/C_/Users/matth/OneDrive/Raspberry_Pi/Pico/pico-sdk/lib/tinyusb/src/device/usbd_control.c.obj
                0x10006aa0                usbd_control_set_complete_callback
 .text.usbd_control_set_request
                0x10006aac       0x1c CMakeFiles/dac_pdm_test.dir/C_/Users/matth/OneDrive/Raspberry_Pi/Pico/pico-sdk/lib/tinyusb/src/device/usbd_control.c.obj
                0x10006aac                usbd_control_set_request
 .text.usbd_control_xfer_cb
                0x10006ac8       0xe8 CMakeFiles/dac_pdm_test.dir/C_/Users/matth/OneDrive/Raspberry_Pi/Pico/pico-sdk/lib/tinyusb/src/device/usbd_control.c.obj
                0x10006ac8                usbd_control_xfer_cb
 .text._prep_out_transaction
                0x10006bb0       0x46 CMakeFiles/dac_pdm_test.dir/C_/Users/matth/OneDrive/Raspberry_Pi/Pico/pico-sdk/lib/tinyusb/src/class/cdc/cdc_device.c.obj
 *fill*         0x10006bf6        0x2 
 .text.tud_cdc_n_connected
                0x10006bf8       0x48 CMakeFiles/dac_pdm_test.dir/C_/Users/matth/OneDrive/Raspberry_Pi/Pico/pico-sdk/lib/tinyusb/src/class/cdc/cdc_device.c.obj
                0x10006bf8                tud_cdc_n_connected
 .text.tud_cdc_n_available
                0x10006c40       0x20 CMakeFiles/dac_pdm_test.dir/C_/Users/matth/OneDrive/Raspberry_Pi/Pico/pico-sdk/lib/tinyusb/src/class/cdc/cdc_device.c.obj
                0x10006c40                tud_cdc_n_available
 .text.tud_cdc_n_read
                0x10006c60       0x30 CMakeFiles/dac_pdm_test.dir/C_/Users/matth/OneDrive/Raspberry_Pi/Pico/pico-sdk/lib/tinyusb/src/class/cdc/cdc_device.c.obj
                0x10006c60                tud_cdc_n_read
 .text.tud_cdc_n_write_flush
                0x10006c90       0xc4 CMakeFiles/dac_pdm_test.dir/C_/Users/matth/OneDrive/Raspberry_Pi/Pico/pico-sdk/lib/tinyusb/src/class/cdc/cdc_device.c.obj
                0x10006c90                tud_cdc_n_write_flush
 .text.tud_cdc_n_write
                0x10006d54       0x38 CMakeFiles/dac_pdm_test.dir/C_/Users/matth/OneDrive/Raspberry_Pi/Pico/pico-sdk/lib/tinyusb/src/class/cdc/cdc_device.c.obj
                0x10006d54                tud_cdc_n_write
 .text.tud_cdc_n_write_available
                0x10006d8c       0x20 CMakeFiles/dac_pdm_test.dir/C_/Users/matth/OneDrive/Raspberry_Pi/Pico/pico-sdk/lib/tinyusb/src/class/cdc/cdc_device.c.obj
                0x10006d8c                tud_cdc_n_write_available
 .text.cdcd_init
                0x10006dac       0xdc CMakeFiles/dac_pdm_test.dir/C_/Users/matth/OneDrive/Raspberry_Pi/Pico/pico-sdk/lib/tinyusb/src/class/cdc/cdc_device.c.obj
                0x10006dac                cdcd_init
 .text.cdcd_reset
                0x10006e88       0x44 CMakeFiles/dac_pdm_test.dir/C_/Users/matth/OneDrive/Raspberry_Pi/Pico/pico-sdk/lib/tinyusb/src/class/cdc/cdc_device.c.obj
                0x10006e88                cdcd_reset
 .text.cdcd_open
                0x10006ecc      0x118 CMakeFiles/dac_pdm_test.dir/C_/Users/matth/OneDrive/Raspberry_Pi/Pico/pico-sdk/lib/tinyusb/src/class/cdc/cdc_device.c.obj
                0x10006ecc                cdcd_open
 .text.cdcd_control_complete
                0x10006fe4       0x60 CMakeFiles/dac_pdm_test.dir/C_/Users/matth/OneDrive/Raspberry_Pi/Pico/pico-sdk/lib/tinyusb/src/class/cdc/cdc_device.c.obj
                0x10006fe4                cdcd_control_complete
 .text.cdcd_control_request
                0x10007044       0x9c CMakeFiles/dac_pdm_test.dir/C_/Users/matth/OneDrive/Raspberry_Pi/Pico/pico-sdk/lib/tinyusb/src/class/cdc/cdc_device.c.obj
                0x10007044                cdcd_control_request
 .text.cdcd_xfer_cb
                0x100070e0      0x130 CMakeFiles/dac_pdm_test.dir/C_/Users/matth/OneDrive/Raspberry_Pi/Pico/pico-sdk/lib/tinyusb/src/class/cdc/cdc_device.c.obj
                0x100070e0                cdcd_xfer_cb
 .text.tusb_init
                0x10007210       0x38 CMakeFiles/dac_pdm_test.dir/C_/Users/matth/OneDrive/Raspberry_Pi/Pico/pico-sdk/lib/tinyusb/src/tusb.c.obj
                0x10007210                tusb_init
 .text.tusb_inited
                0x10007248        0xc CMakeFiles/dac_pdm_test.dir/C_/Users/matth/OneDrive/Raspberry_Pi/Pico/pico-sdk/lib/tinyusb/src/tusb.c.obj
                0x10007248                tusb_inited
 .text.advance_pointer
                0x10007254       0x1e CMakeFiles/dac_pdm_test.dir/C_/Users/matth/OneDrive/Raspberry_Pi/Pico/pico-sdk/lib/tinyusb/src/common/tusb_fifo.c.obj
 .text.backward_pointer
                0x10007272       0x1a CMakeFiles/dac_pdm_test.dir/C_/Users/matth/OneDrive/Raspberry_Pi/Pico/pico-sdk/lib/tinyusb/src/common/tusb_fifo.c.obj
 .text.get_relative_pointer
                0x1000728c       0x16 CMakeFiles/dac_pdm_test.dir/C_/Users/matth/OneDrive/Raspberry_Pi/Pico/pico-sdk/lib/tinyusb/src/common/tusb_fifo.c.obj
 .text.tu_fifo_lock
                0x100072a2       0x12 CMakeFiles/dac_pdm_test.dir/C_/Users/matth/OneDrive/Raspberry_Pi/Pico/pico-sdk/lib/tinyusb/src/common/tusb_fifo.c.obj
 .text.tu_fifo_unlock
                0x100072b4        0xe CMakeFiles/dac_pdm_test.dir/C_/Users/matth/OneDrive/Raspberry_Pi/Pico/pico-sdk/lib/tinyusb/src/common/tusb_fifo.c.obj
 .text._tu_fifo_peek_at
                0x100072c2       0x66 CMakeFiles/dac_pdm_test.dir/C_/Users/matth/OneDrive/Raspberry_Pi/Pico/pico-sdk/lib/tinyusb/src/common/tusb_fifo.c.obj
 .text._ff_pull_n
                0x10007328       0x4a CMakeFiles/dac_pdm_test.dir/C_/Users/matth/OneDrive/Raspberry_Pi/Pico/pico-sdk/lib/tinyusb/src/common/tusb_fifo.c.obj
 .text._tu_fifo_peek_at_n
                0x10007372       0x72 CMakeFiles/dac_pdm_test.dir/C_/Users/matth/OneDrive/Raspberry_Pi/Pico/pico-sdk/lib/tinyusb/src/common/tusb_fifo.c.obj
 .text._ff_push_n
                0x100073e4       0x4a CMakeFiles/dac_pdm_test.dir/C_/Users/matth/OneDrive/Raspberry_Pi/Pico/pico-sdk/lib/tinyusb/src/common/tusb_fifo.c.obj
 .text.tu_fifo_config
                0x1000742e       0x48 CMakeFiles/dac_pdm_test.dir/C_/Users/matth/OneDrive/Raspberry_Pi/Pico/pico-sdk/lib/tinyusb/src/common/tusb_fifo.c.obj
                0x1000742e                tu_fifo_config
 .text.tu_fifo_count
                0x10007476       0x1c CMakeFiles/dac_pdm_test.dir/C_/Users/matth/OneDrive/Raspberry_Pi/Pico/pico-sdk/lib/tinyusb/src/common/tusb_fifo.c.obj
                0x10007476                tu_fifo_count
 .text.tu_fifo_remaining
                0x10007492       0x20 CMakeFiles/dac_pdm_test.dir/C_/Users/matth/OneDrive/Raspberry_Pi/Pico/pico-sdk/lib/tinyusb/src/common/tusb_fifo.c.obj
                0x10007492                tu_fifo_remaining
 .text.tu_fifo_read
                0x100074b2       0x3a CMakeFiles/dac_pdm_test.dir/C_/Users/matth/OneDrive/Raspberry_Pi/Pico/pico-sdk/lib/tinyusb/src/common/tusb_fifo.c.obj
                0x100074b2                tu_fifo_read
 .text.tu_fifo_read_n
                0x100074ec       0x3e CMakeFiles/dac_pdm_test.dir/C_/Users/matth/OneDrive/Raspberry_Pi/Pico/pico-sdk/lib/tinyusb/src/common/tusb_fifo.c.obj
                0x100074ec                tu_fifo_read_n
 .text.tu_fifo_write
                0x1000752a       0x5c CMakeFiles/dac_pdm_test.dir/C_/Users/matth/OneDrive/Raspberry_Pi/Pico/pico-sdk/lib/tinyusb/src/common/tusb_fifo.c.obj
                0x1000752a                tu_fifo_write
 .text.tu_fifo_write_n
                0x10007586       0x7c CMakeFiles/dac_pdm_test.dir/C_/Users/matth/OneDrive/Raspberry_Pi/Pico/pico-sdk/lib/tinyusb/src/common/tusb_fifo.c.obj
                0x10007586                tu_fifo_write_n
 .text.tu_fifo_clear
                0x10007602       0x18 CMakeFiles/dac_pdm_test.dir/C_/Users/matth/OneDrive/Raspberry_Pi/Pico/pico-sdk/lib/tinyusb/src/common/tusb_fifo.c.obj
                0x10007602                tu_fifo_clear
 *fill*         0x1000761a        0x2 
 .text.strlen   0x1000761c       0x5c c:/progra~2/gnuarm~1/102020~1/bin/../lib/gcc/arm-none-eabi/10.2.1/../../../../arm-none-eabi/lib/thumb/v6-m/nofp\libg.a(lib_a-strlen-stub.o)
                0x1000761c                strlen
 *(.fini)
 .fini          0x10007678        0x4 c:/progra~2/gnuarm~1/102020~1/bin/../lib/gcc/arm-none-eabi/10.2.1/thumb/v6-m/nofp/crti.o
                0x10007678                _fini
 *fill*         0x1000767c        0x4 
 .fini.__stub   0x10007680       0x60 linker stubs
 *crtbegin.o(.ctors)
 *crtbegin?.o(.ctors)
 *(EXCLUDE_FILE(*crtend.o *crtend?.o) .ctors)
 *(SORT_BY_NAME(.ctors.*))
 *(.ctors)
 *crtbegin.o(.dtors)
 *crtbegin?.o(.dtors)
 *(EXCLUDE_FILE(*crtend.o *crtend?.o) .dtors)
 *(SORT_BY_NAME(.dtors.*))
 *(.dtors)
 *(.eh_frame*)
 .eh_frame      0x100076e0        0x0 c:/progra~2/gnuarm~1/102020~1/bin/../lib/gcc/arm-none-eabi/10.2.1/thumb/v6-m/nofp/crtbegin.o
                0x100076e0                . = ALIGN (0x4)

.glue_7         0x100076e0        0x0
 .glue_7        0x100076e0        0x0 linker stubs

.glue_7t        0x100076e0        0x0
 .glue_7t       0x100076e0        0x0 linker stubs

.vfp11_veneer   0x100076e0        0x0
 .vfp11_veneer  0x100076e0        0x0 linker stubs

.v4_bx          0x100076e0        0x0
 .v4_bx         0x100076e0        0x0 linker stubs

.iplt           0x100076e0        0x0
 .iplt          0x100076e0        0x0 c:/progra~2/gnuarm~1/102020~1/bin/../lib/gcc/arm-none-eabi/10.2.1/thumb/v6-m/nofp/crtbegin.o

.rodata         0x100076e0     0x15f4
 *(EXCLUDE_FILE(*libm.a: *libc.a:*lib_a-mem*.o *libgcc.a:) .rodata*)
 .rodata.main.str1.4
                0x100076e0       0x57 CMakeFiles/dac_pdm_test.dir/dac_pdm_test.cpp.obj
 *fill*         0x10007737        0x1 
 .rodata.spin_lock_claim_unused.str1.4
                0x10007738       0x1b CMakeFiles/dac_pdm_test.dir/C_/Users/matth/OneDrive/Raspberry_Pi/Pico/pico-sdk/src/rp2_common/hardware_sync/sync.c.obj
 *fill*         0x10007753        0x1 
 .rodata.repeating_timer_callback.str1.4
                0x10007754       0x63 CMakeFiles/dac_pdm_test.dir/C_/Users/matth/OneDrive/Raspberry_Pi/Pico/pico-sdk/src/common/pico_time/time.c.obj
 *fill*         0x100077b7        0x1 
 .rodata.alarm_pool_dump_key.str1.4
                0x100077b8       0x33 CMakeFiles/dac_pdm_test.dir/C_/Users/matth/OneDrive/Raspberry_Pi/Pico/pico-sdk/src/common/pico_time/time.c.obj
 *fill*         0x100077eb        0x1 
 .rodata.ph_add_child_node.str1.4
                0x100077ec       0xaa CMakeFiles/dac_pdm_test.dir/C_/Users/matth/OneDrive/Raspberry_Pi/Pico/pico-sdk/src/common/pico_time/time.c.obj
 *fill*         0x10007896        0x2 
 .rodata.add_alarm_under_lock.str1.4
                0x10007898       0x28 CMakeFiles/dac_pdm_test.dir/C_/Users/matth/OneDrive/Raspberry_Pi/Pico/pico-sdk/src/common/pico_time/time.c.obj
                                 0x2b (size before relaxing)
 .rodata.alarm_pool_alarm_callback.str1.4
                0x100078c0       0xf6 CMakeFiles/dac_pdm_test.dir/C_/Users/matth/OneDrive/Raspberry_Pi/Pico/pico-sdk/src/common/pico_time/time.c.obj
 *fill*         0x100079b6        0x2 
 .rodata.alarm_pool_get_default.str1.4
                0x100079b8       0x21 CMakeFiles/dac_pdm_test.dir/C_/Users/matth/OneDrive/Raspberry_Pi/Pico/pico-sdk/src/common/pico_time/time.c.obj
 *fill*         0x100079d9        0x3 
 .rodata.alarm_pool_cancel_alarm.str1.4
                0x100079dc       0x27 CMakeFiles/dac_pdm_test.dir/C_/Users/matth/OneDrive/Raspberry_Pi/Pico/pico-sdk/src/common/pico_time/time.c.obj
 *fill*         0x10007a03        0x1 
 .rodata.sleep_until.str1.4
                0x10007a04       0x4d CMakeFiles/dac_pdm_test.dir/C_/Users/matth/OneDrive/Raspberry_Pi/Pico/pico-sdk/src/common/pico_time/time.c.obj
 *fill*         0x10007a51        0x3 
 .rodata.__func__.1
                0x10007a54       0x18 CMakeFiles/dac_pdm_test.dir/C_/Users/matth/OneDrive/Raspberry_Pi/Pico/pico-sdk/src/common/pico_time/time.c.obj
 .rodata.__func__.10
                0x10007a6c       0x15 CMakeFiles/dac_pdm_test.dir/C_/Users/matth/OneDrive/Raspberry_Pi/Pico/pico-sdk/src/common/pico_time/time.c.obj
 *fill*         0x10007a81        0x3 
 .rodata.__func__.11
                0x10007a84       0x1a CMakeFiles/dac_pdm_test.dir/C_/Users/matth/OneDrive/Raspberry_Pi/Pico/pico-sdk/src/common/pico_time/time.c.obj
 *fill*         0x10007a9e        0x2 
 .rodata.__func__.12
                0x10007aa0        0xa CMakeFiles/dac_pdm_test.dir/C_/Users/matth/OneDrive/Raspberry_Pi/Pico/pico-sdk/src/common/pico_time/time.c.obj
 *fill*         0x10007aaa        0x2 
 .rodata.__func__.3
                0x10007aac       0x17 CMakeFiles/dac_pdm_test.dir/C_/Users/matth/OneDrive/Raspberry_Pi/Pico/pico-sdk/src/common/pico_time/time.c.obj
 *fill*         0x10007ac3        0x1 
 .rodata.__func__.4
                0x10007ac4       0x12 CMakeFiles/dac_pdm_test.dir/C_/Users/matth/OneDrive/Raspberry_Pi/Pico/pico-sdk/src/common/pico_time/time.c.obj
 *fill*         0x10007ad6        0x2 
 .rodata.__func__.5
                0x10007ad8        0xd CMakeFiles/dac_pdm_test.dir/C_/Users/matth/OneDrive/Raspberry_Pi/Pico/pico-sdk/src/common/pico_time/time.c.obj
 *fill*         0x10007ae5        0x3 
 .rodata.__func__.6
                0x10007ae8       0x12 CMakeFiles/dac_pdm_test.dir/C_/Users/matth/OneDrive/Raspberry_Pi/Pico/pico-sdk/src/common/pico_time/time.c.obj
 *fill*         0x10007afa        0x2 
 .rodata.__func__.7
                0x10007afc        0xf CMakeFiles/dac_pdm_test.dir/C_/Users/matth/OneDrive/Raspberry_Pi/Pico/pico-sdk/src/common/pico_time/time.c.obj
 *fill*         0x10007b0b        0x1 
 .rodata.__func__.8
                0x10007b0c        0xc CMakeFiles/dac_pdm_test.dir/C_/Users/matth/OneDrive/Raspberry_Pi/Pico/pico-sdk/src/common/pico_time/time.c.obj
 .rodata.__func__.9
                0x10007b18       0x15 CMakeFiles/dac_pdm_test.dir/C_/Users/matth/OneDrive/Raspberry_Pi/Pico/pico-sdk/src/common/pico_time/time.c.obj
 *fill*         0x10007b2d        0x3 
 .rodata.hardware_alarm_claim.str1.4
                0x10007b30       0x22 CMakeFiles/dac_pdm_test.dir/C_/Users/matth/OneDrive/Raspberry_Pi/Pico/pico-sdk/src/rp2_common/hardware_timer/timer.c.obj
 *fill*         0x10007b52        0x2 
 .rodata.hardware_alarm_set_target.str1.4
                0x10007b54       0x7d CMakeFiles/dac_pdm_test.dir/C_/Users/matth/OneDrive/Raspberry_Pi/Pico/pico-sdk/src/rp2_common/hardware_timer/timer.c.obj
 *fill*         0x10007bd1        0x3 
 .rodata.__func__.0
                0x10007bd4       0x1a CMakeFiles/dac_pdm_test.dir/C_/Users/matth/OneDrive/Raspberry_Pi/Pico/pico-sdk/src/rp2_common/hardware_timer/timer.c.obj
 *fill*         0x10007bee        0x2 
 .rodata.str1.4
                0x10007bf0       0x74 CMakeFiles/dac_pdm_test.dir/C_/Users/matth/OneDrive/Raspberry_Pi/Pico/pico-sdk/src/common/pico_sync/mutex.c.obj
                                 0xe8 (size before relaxing)
 .rodata.__func__.0
                0x10007c64        0xb CMakeFiles/dac_pdm_test.dir/C_/Users/matth/OneDrive/Raspberry_Pi/Pico/pico-sdk/src/common/pico_sync/mutex.c.obj
 *fill*         0x10007c6f        0x1 
 .rodata.__func__.1
                0x10007c70       0x18 CMakeFiles/dac_pdm_test.dir/C_/Users/matth/OneDrive/Raspberry_Pi/Pico/pico-sdk/src/common/pico_sync/mutex.c.obj
 .rodata.__func__.2
                0x10007c88       0x15 CMakeFiles/dac_pdm_test.dir/C_/Users/matth/OneDrive/Raspberry_Pi/Pico/pico-sdk/src/common/pico_sync/mutex.c.obj
 *fill*         0x10007c9d        0x3 
 .rodata.__func__.3
                0x10007ca0       0x15 CMakeFiles/dac_pdm_test.dir/C_/Users/matth/OneDrive/Raspberry_Pi/Pico/pico-sdk/src/common/pico_sync/mutex.c.obj
 .rodata.ph_add_child_node.str1.4
                0x10007cb5       0xaa CMakeFiles/dac_pdm_test.dir/C_/Users/matth/OneDrive/Raspberry_Pi/Pico/pico-sdk/src/common/pico_util/pheap.c.obj
 *fill*         0x10007cb5        0x3 
 .rodata.ph_remove_any_head.str1.4
                0x10007cb8       0xa4 CMakeFiles/dac_pdm_test.dir/C_/Users/matth/OneDrive/Raspberry_Pi/Pico/pico-sdk/src/common/pico_util/pheap.c.obj
 .rodata.ph_remove_and_free_node.str1.4
                0x10007d5c       0x26 CMakeFiles/dac_pdm_test.dir/C_/Users/matth/OneDrive/Raspberry_Pi/Pico/pico-sdk/src/common/pico_util/pheap.c.obj
 *fill*         0x10007d82        0x2 
 .rodata.__func__.0
                0x10007d84       0x18 CMakeFiles/dac_pdm_test.dir/C_/Users/matth/OneDrive/Raspberry_Pi/Pico/pico-sdk/src/common/pico_util/pheap.c.obj
 .rodata.__func__.1
                0x10007d9c       0x13 CMakeFiles/dac_pdm_test.dir/C_/Users/matth/OneDrive/Raspberry_Pi/Pico/pico-sdk/src/common/pico_util/pheap.c.obj
 *fill*         0x10007daf        0x1 
 .rodata.__func__.2
                0x10007db0       0x12 CMakeFiles/dac_pdm_test.dir/C_/Users/matth/OneDrive/Raspberry_Pi/Pico/pico-sdk/src/common/pico_util/pheap.c.obj
 *fill*         0x10007dc2        0x2 
 .rodata.__func__.3
                0x10007dc4        0xc CMakeFiles/dac_pdm_test.dir/C_/Users/matth/OneDrive/Raspberry_Pi/Pico/pico-sdk/src/common/pico_util/pheap.c.obj
 .rodata.__assert_func.str1.4
                0x10007dd0       0x3f CMakeFiles/dac_pdm_test.dir/C_/Users/matth/OneDrive/Raspberry_Pi/Pico/pico-sdk/src/rp2_common/pico_runtime/runtime.c.obj
                                 0x43 (size before relaxing)
 *fill*         0x10007e0f        0x1 
 .rodata.panic.str1.4
                0x10007e10       0x10 CMakeFiles/dac_pdm_test.dir/C_/Users/matth/OneDrive/Raspberry_Pi/Pico/pico-sdk/src/rp2_common/pico_runtime/runtime.c.obj
                                 0x12 (size before relaxing)
 .rodata.clock_configure.str1.4
                0x10007e20       0x6f CMakeFiles/dac_pdm_test.dir/C_/Users/matth/OneDrive/Raspberry_Pi/Pico/pico-sdk/src/rp2_common/hardware_clocks/clocks.c.obj
 *fill*         0x10007e8f        0x1 
 .rodata.__func__.1
                0x10007e90       0x10 CMakeFiles/dac_pdm_test.dir/C_/Users/matth/OneDrive/Raspberry_Pi/Pico/pico-sdk/src/rp2_common/hardware_clocks/clocks.c.obj
 .rodata.pll_init.str1.4
                0x10007ea0       0xf3 CMakeFiles/dac_pdm_test.dir/C_/Users/matth/OneDrive/Raspberry_Pi/Pico/pico-sdk/src/rp2_common/hardware_pll/pll.c.obj
 *fill*         0x10007f93        0x1 
 .rodata.__func__.0
                0x10007f94        0x9 CMakeFiles/dac_pdm_test.dir/C_/Users/matth/OneDrive/Raspberry_Pi/Pico/pico-sdk/src/rp2_common/hardware_pll/pll.c.obj
 *fill*         0x10007f9d        0x3 
 .rodata.make_branch.str1.4
                0x10007fa0       0x65 CMakeFiles/dac_pdm_test.dir/C_/Users/matth/OneDrive/Raspberry_Pi/Pico/pico-sdk/src/rp2_common/hardware_irq/irq.c.obj
 *fill*         0x10008005        0x3 
 .rodata.irq_set_exclusive_handler.str1.4
                0x10008008       0x36 CMakeFiles/dac_pdm_test.dir/C_/Users/matth/OneDrive/Raspberry_Pi/Pico/pico-sdk/src/rp2_common/hardware_irq/irq.c.obj
 *fill*         0x1000803e        0x2 
 .rodata.irq_add_shared_handler.str1.4
                0x10008040       0xd9 CMakeFiles/dac_pdm_test.dir/C_/Users/matth/OneDrive/Raspberry_Pi/Pico/pico-sdk/src/rp2_common/hardware_irq/irq.c.obj
 *fill*         0x10008119        0x3 
 .rodata.irq_remove_handler.str1.4
                0x1000811c       0x2a CMakeFiles/dac_pdm_test.dir/C_/Users/matth/OneDrive/Raspberry_Pi/Pico/pico-sdk/src/rp2_common/hardware_irq/irq.c.obj
 *fill*         0x10008146        0x2 
 .rodata.irq_add_tail_to_free_list.str1.4
                0x10008148       0x32 CMakeFiles/dac_pdm_test.dir/C_/Users/matth/OneDrive/Raspberry_Pi/Pico/pico-sdk/src/rp2_common/hardware_irq/irq.c.obj
                                 0x3a (size before relaxing)
 *fill*         0x1000817a        0x2 
 .rodata.__func__.0
                0x1000817c       0x1a CMakeFiles/dac_pdm_test.dir/C_/Users/matth/OneDrive/Raspberry_Pi/Pico/pico-sdk/src/rp2_common/hardware_irq/irq.c.obj
 *fill*         0x10008196        0x2 
 .rodata.__func__.1
                0x10008198       0x17 CMakeFiles/dac_pdm_test.dir/C_/Users/matth/OneDrive/Raspberry_Pi/Pico/pico-sdk/src/rp2_common/hardware_irq/irq.c.obj
 *fill*         0x100081af        0x1 
 .rodata.__func__.2
                0x100081b0       0x13 CMakeFiles/dac_pdm_test.dir/C_/Users/matth/OneDrive/Raspberry_Pi/Pico/pico-sdk/src/rp2_common/hardware_irq/irq.c.obj
 *fill*         0x100081c3        0x1 
 .rodata.__func__.3
                0x100081c4        0xc CMakeFiles/dac_pdm_test.dir/C_/Users/matth/OneDrive/Raspberry_Pi/Pico/pico-sdk/src/rp2_common/hardware_irq/irq.c.obj
 .rodata.__func__.4
                0x100081d0        0xf CMakeFiles/dac_pdm_test.dir/C_/Users/matth/OneDrive/Raspberry_Pi/Pico/pico-sdk/src/rp2_common/hardware_irq/irq.c.obj
 *fill*         0x100081df        0x1 
 .rodata.__func__.6
                0x100081e0       0x1a CMakeFiles/dac_pdm_test.dir/C_/Users/matth/OneDrive/Raspberry_Pi/Pico/pico-sdk/src/rp2_common/hardware_irq/irq.c.obj
 *fill*         0x100081fa        0x2 
 .rodata._ftoa.str1.4
                0x100081fc       0x15 CMakeFiles/dac_pdm_test.dir/C_/Users/matth/OneDrive/Raspberry_Pi/Pico/pico-sdk/src/rp2_common/pico_printf/printf.c.obj
 *fill*         0x10008211        0x3 
 .rodata._vsnprintf
                0x10008214      0x1e0 CMakeFiles/dac_pdm_test.dir/C_/Users/matth/OneDrive/Raspberry_Pi/Pico/pico-sdk/src/rp2_common/pico_printf/printf.c.obj
 *fill*         0x100083f4        0x4 
 .rodata.pow10.0
                0x100083f8       0x50 CMakeFiles/dac_pdm_test.dir/C_/Users/matth/OneDrive/Raspberry_Pi/Pico/pico-sdk/src/rp2_common/pico_printf/printf.c.obj
 .rodata.__aeabi_double_init.str1.4
                0x10008448       0xc0 CMakeFiles/dac_pdm_test.dir/C_/Users/matth/OneDrive/Raspberry_Pi/Pico/pico-sdk/src/rp2_common/pico_double/double_init_rom.c.obj
 .rodata.__func__.0
                0x10008508       0x14 CMakeFiles/dac_pdm_test.dir/C_/Users/matth/OneDrive/Raspberry_Pi/Pico/pico-sdk/src/rp2_common/pico_double/double_init_rom.c.obj
 .rodata.__aeabi_float_init.str1.4
                0x1000851c       0x92 CMakeFiles/dac_pdm_test.dir/C_/Users/matth/OneDrive/Raspberry_Pi/Pico/pico-sdk/src/rp2_common/pico_float/float_init_rom.c.obj
                                 0x96 (size before relaxing)
 *fill*         0x100085ae        0x2 
 .rodata.__func__.0
                0x100085b0       0x13 CMakeFiles/dac_pdm_test.dir/C_/Users/matth/OneDrive/Raspberry_Pi/Pico/pico-sdk/src/rp2_common/pico_float/float_init_rom.c.obj
 *fill*         0x100085c3        0x1 
 .rodata.str1.4
                0x100085c4       0x44 CMakeFiles/dac_pdm_test.dir/C_/Users/matth/OneDrive/Raspberry_Pi/Pico/pico-sdk/src/rp2_common/pico_standard_link/binary_info.c.obj
 .rodata.__bi_41
                0x10008608        0xc CMakeFiles/dac_pdm_test.dir/C_/Users/matth/OneDrive/Raspberry_Pi/Pico/pico-sdk/src/rp2_common/pico_standard_link/binary_info.c.obj
 .rodata.__bi_72
                0x10008614        0xc CMakeFiles/dac_pdm_test.dir/C_/Users/matth/OneDrive/Raspberry_Pi/Pico/pico-sdk/src/rp2_common/pico_standard_link/binary_info.c.obj
 .rodata.__bi_78
                0x10008620        0xc CMakeFiles/dac_pdm_test.dir/C_/Users/matth/OneDrive/Raspberry_Pi/Pico/pico-sdk/src/rp2_common/pico_standard_link/binary_info.c.obj
 .rodata.crlf_str.2
                0x1000862c        0x2 CMakeFiles/dac_pdm_test.dir/C_/Users/matth/OneDrive/Raspberry_Pi/Pico/pico-sdk/src/rp2_common/pico_stdio/stdio.c.obj
 *fill*         0x1000862e        0x2 
 .rodata._resetd_driver
                0x10008630       0x1c CMakeFiles/dac_pdm_test.dir/C_/Users/matth/OneDrive/Raspberry_Pi/Pico/pico-sdk/src/rp2_common/pico_stdio_usb/reset_interface.c.obj
 .rodata.stdio_usb_init.str1.4
                0x1000864c       0x74 CMakeFiles/dac_pdm_test.dir/C_/Users/matth/OneDrive/Raspberry_Pi/Pico/pico-sdk/src/rp2_common/pico_stdio_usb/stdio_usb.c.obj
 .rodata.str1.4
                0x1000864c       0x13 CMakeFiles/dac_pdm_test.dir/C_/Users/matth/OneDrive/Raspberry_Pi/Pico/pico-sdk/src/rp2_common/pico_stdio_usb/stdio_usb.c.obj
 *fill*         0x1000865f        0x1 
 .rodata.__bi_93.1
                0x10008660        0xc CMakeFiles/dac_pdm_test.dir/C_/Users/matth/OneDrive/Raspberry_Pi/Pico/pico-sdk/src/rp2_common/pico_stdio_usb/stdio_usb.c.obj
 .rodata.__func__.0
                0x1000866c       0x15 CMakeFiles/dac_pdm_test.dir/C_/Users/matth/OneDrive/Raspberry_Pi/Pico/pico-sdk/src/rp2_common/pico_stdio_usb/stdio_usb.c.obj
 *fill*         0x10008681        0x3 
 .rodata.str1.4
                0x10008684       0x3a CMakeFiles/dac_pdm_test.dir/C_/Users/matth/OneDrive/Raspberry_Pi/Pico/pico-sdk/src/rp2_common/pico_stdio_usb/stdio_usb_descriptors.c.obj
 *fill*         0x100086be        0x2 
 .rodata.usbd_desc_cfg
                0x100086c0       0x54 CMakeFiles/dac_pdm_test.dir/C_/Users/matth/OneDrive/Raspberry_Pi/Pico/pico-sdk/src/rp2_common/pico_stdio_usb/stdio_usb_descriptors.c.obj
 .rodata.usbd_desc_device
                0x10008714       0x12 CMakeFiles/dac_pdm_test.dir/C_/Users/matth/OneDrive/Raspberry_Pi/Pico/pico-sdk/src/rp2_common/pico_stdio_usb/stdio_usb_descriptors.c.obj
 *fill*         0x10008726        0x2 
 .rodata.usbd_desc_str
                0x10008728       0x18 CMakeFiles/dac_pdm_test.dir/C_/Users/matth/OneDrive/Raspberry_Pi/Pico/pico-sdk/src/rp2_common/pico_stdio_usb/stdio_usb_descriptors.c.obj
 .rodata._hw_endpoint_alloc.str1.4
                0x10008740       0xcd CMakeFiles/dac_pdm_test.dir/C_/Users/matth/OneDrive/Raspberry_Pi/Pico/pico-sdk/lib/tinyusb/src/portable/raspberrypi/rp2040/dcd_rp2040.c.obj
 *fill*         0x1000880d        0x3 
 .rodata._hw_endpoint_init.str1.4
                0x10008810       0x28 CMakeFiles/dac_pdm_test.dir/C_/Users/matth/OneDrive/Raspberry_Pi/Pico/pico-sdk/lib/tinyusb/src/portable/raspberrypi/rp2040/dcd_rp2040.c.obj
 .rodata.hw_handle_buff_status.str1.4
                0x10008838        0xb CMakeFiles/dac_pdm_test.dir/C_/Users/matth/OneDrive/Raspberry_Pi/Pico/pico-sdk/lib/tinyusb/src/portable/raspberrypi/rp2040/dcd_rp2040.c.obj
 *fill*         0x10008843        0x1 
 .rodata.dcd_rp2040_irq.str1.4
                0x10008844       0x14 CMakeFiles/dac_pdm_test.dir/C_/Users/matth/OneDrive/Raspberry_Pi/Pico/pico-sdk/lib/tinyusb/src/portable/raspberrypi/rp2040/dcd_rp2040.c.obj
 .rodata._hw_endpoint_stall.str1.4
                0x10008858        0xd CMakeFiles/dac_pdm_test.dir/C_/Users/matth/OneDrive/Raspberry_Pi/Pico/pico-sdk/lib/tinyusb/src/portable/raspberrypi/rp2040/dcd_rp2040.c.obj
 *fill*         0x10008865        0x3 
 .rodata.dcd_int_enable.str1.4
                0x10008868        0xc CMakeFiles/dac_pdm_test.dir/C_/Users/matth/OneDrive/Raspberry_Pi/Pico/pico-sdk/lib/tinyusb/src/portable/raspberrypi/rp2040/dcd_rp2040.c.obj
 .rodata.__func__.0
                0x10008874       0x15 CMakeFiles/dac_pdm_test.dir/C_/Users/matth/OneDrive/Raspberry_Pi/Pico/pico-sdk/lib/tinyusb/src/portable/raspberrypi/rp2040/dcd_rp2040.c.obj
 *fill*         0x10008889        0x3 
 .rodata.__func__.1
                0x1000888c       0x13 CMakeFiles/dac_pdm_test.dir/C_/Users/matth/OneDrive/Raspberry_Pi/Pico/pico-sdk/lib/tinyusb/src/portable/raspberrypi/rp2040/dcd_rp2040.c.obj
 *fill*         0x1000889f        0x1 
 .rodata.__func__.10
                0x100088a0        0xf CMakeFiles/dac_pdm_test.dir/C_/Users/matth/OneDrive/Raspberry_Pi/Pico/pico-sdk/lib/tinyusb/src/portable/raspberrypi/rp2040/dcd_rp2040.c.obj
 *fill*         0x100088af        0x1 
 .rodata.__func__.11
                0x100088b0       0x13 CMakeFiles/dac_pdm_test.dir/C_/Users/matth/OneDrive/Raspberry_Pi/Pico/pico-sdk/lib/tinyusb/src/portable/raspberrypi/rp2040/dcd_rp2040.c.obj
 *fill*         0x100088c3        0x1 
 .rodata.__func__.12
                0x100088c4       0x16 CMakeFiles/dac_pdm_test.dir/C_/Users/matth/OneDrive/Raspberry_Pi/Pico/pico-sdk/lib/tinyusb/src/portable/raspberrypi/rp2040/dcd_rp2040.c.obj
 *fill*         0x100088da        0x2 
 .rodata.__func__.13
                0x100088dc        0x9 CMakeFiles/dac_pdm_test.dir/C_/Users/matth/OneDrive/Raspberry_Pi/Pico/pico-sdk/lib/tinyusb/src/portable/raspberrypi/rp2040/dcd_rp2040.c.obj
 *fill*         0x100088e5        0x3 
 .rodata.__func__.2
                0x100088e8        0xf CMakeFiles/dac_pdm_test.dir/C_/Users/matth/OneDrive/Raspberry_Pi/Pico/pico-sdk/lib/tinyusb/src/portable/raspberrypi/rp2040/dcd_rp2040.c.obj
 *fill*         0x100088f7        0x1 
 .rodata.__func__.3
                0x100088f8        0xe CMakeFiles/dac_pdm_test.dir/C_/Users/matth/OneDrive/Raspberry_Pi/Pico/pico-sdk/lib/tinyusb/src/portable/raspberrypi/rp2040/dcd_rp2040.c.obj
 *fill*         0x10008906        0x2 
 .rodata.__func__.4
                0x10008908        0xe CMakeFiles/dac_pdm_test.dir/C_/Users/matth/OneDrive/Raspberry_Pi/Pico/pico-sdk/lib/tinyusb/src/portable/raspberrypi/rp2040/dcd_rp2040.c.obj
 *fill*         0x10008916        0x2 
 .rodata.__func__.5
                0x10008918       0x1a CMakeFiles/dac_pdm_test.dir/C_/Users/matth/OneDrive/Raspberry_Pi/Pico/pico-sdk/lib/tinyusb/src/portable/raspberrypi/rp2040/dcd_rp2040.c.obj
 *fill*         0x10008932        0x2 
 .rodata.__func__.6
                0x10008934        0xc CMakeFiles/dac_pdm_test.dir/C_/Users/matth/OneDrive/Raspberry_Pi/Pico/pico-sdk/lib/tinyusb/src/portable/raspberrypi/rp2040/dcd_rp2040.c.obj
 .rodata.__func__.8
                0x10008940       0x10 CMakeFiles/dac_pdm_test.dir/C_/Users/matth/OneDrive/Raspberry_Pi/Pico/pico-sdk/lib/tinyusb/src/portable/raspberrypi/rp2040/dcd_rp2040.c.obj
 .rodata._hw_endpoint_buffer_control_update32.str1.4
                0x10008950       0x1f CMakeFiles/dac_pdm_test.dir/C_/Users/matth/OneDrive/Raspberry_Pi/Pico/pico-sdk/lib/tinyusb/src/portable/raspberrypi/rp2040/rp2040_usb.c.obj
 *fill*         0x1000896f        0x1 
 .rodata._hw_endpoint_xfer_sync.str1.4
                0x10008970       0xa9 CMakeFiles/dac_pdm_test.dir/C_/Users/matth/OneDrive/Raspberry_Pi/Pico/pico-sdk/lib/tinyusb/src/portable/raspberrypi/rp2040/rp2040_usb.c.obj
 *fill*         0x10008a19        0x3 
 .rodata._hw_endpoint_xfer_continue.str1.4
                0x10008a1c       0x50 CMakeFiles/dac_pdm_test.dir/C_/Users/matth/OneDrive/Raspberry_Pi/Pico/pico-sdk/lib/tinyusb/src/portable/raspberrypi/rp2040/rp2040_usb.c.obj
 .rodata._hw_endpoint_xfer.str1.4
                0x10008a6c        0xf CMakeFiles/dac_pdm_test.dir/C_/Users/matth/OneDrive/Raspberry_Pi/Pico/pico-sdk/lib/tinyusb/src/portable/raspberrypi/rp2040/rp2040_usb.c.obj
 *fill*         0x10008a7b        0x1 
 .rodata.str1.4
                0x10008a7c        0x7 CMakeFiles/dac_pdm_test.dir/C_/Users/matth/OneDrive/Raspberry_Pi/Pico/pico-sdk/lib/tinyusb/src/portable/raspberrypi/rp2040/rp2040_usb.c.obj
 *fill*         0x10008a83        0x1 
 .rodata.__func__.0
                0x10008a84       0x12 CMakeFiles/dac_pdm_test.dir/C_/Users/matth/OneDrive/Raspberry_Pi/Pico/pico-sdk/lib/tinyusb/src/portable/raspberrypi/rp2040/rp2040_usb.c.obj
 *fill*         0x10008a96        0x2 
 .rodata.__func__.1
                0x10008a98       0x17 CMakeFiles/dac_pdm_test.dir/C_/Users/matth/OneDrive/Raspberry_Pi/Pico/pico-sdk/lib/tinyusb/src/portable/raspberrypi/rp2040/rp2040_usb.c.obj
 *fill*         0x10008aaf        0x1 
 .rodata.process_set_config.str1.4
                0x10008ab0       0x17 CMakeFiles/dac_pdm_test.dir/C_/Users/matth/OneDrive/Raspberry_Pi/Pico/pico-sdk/lib/tinyusb/src/device/usbd.c.obj
 *fill*         0x10008ac7        0x1 
 .rodata.process_get_descriptor
                0x10008ac8       0x40 CMakeFiles/dac_pdm_test.dir/C_/Users/matth/OneDrive/Raspberry_Pi/Pico/pico-sdk/lib/tinyusb/src/device/usbd.c.obj
 .rodata.dcd_event_handler.str1.4
                0x10008b08       0x60 CMakeFiles/dac_pdm_test.dir/C_/Users/matth/OneDrive/Raspberry_Pi/Pico/pico-sdk/lib/tinyusb/src/device/usbd.c.obj
 .rodata.process_control_request
                0x10008b68       0x28 CMakeFiles/dac_pdm_test.dir/C_/Users/matth/OneDrive/Raspberry_Pi/Pico/pico-sdk/lib/tinyusb/src/device/usbd.c.obj
 .rodata.tud_task
                0x10008b90       0x24 CMakeFiles/dac_pdm_test.dir/C_/Users/matth/OneDrive/Raspberry_Pi/Pico/pico-sdk/lib/tinyusb/src/device/usbd.c.obj
 .rodata.__func__.1
                0x10008bb4        0xf CMakeFiles/dac_pdm_test.dir/C_/Users/matth/OneDrive/Raspberry_Pi/Pico/pico-sdk/lib/tinyusb/src/device/usbd.c.obj
 *fill*         0x10008bc3        0x1 
 .rodata.__func__.2
                0x10008bc4       0x14 CMakeFiles/dac_pdm_test.dir/C_/Users/matth/OneDrive/Raspberry_Pi/Pico/pico-sdk/lib/tinyusb/src/device/usbd.c.obj
 .rodata.__func__.3
                0x10008bd8       0x10 CMakeFiles/dac_pdm_test.dir/C_/Users/matth/OneDrive/Raspberry_Pi/Pico/pico-sdk/lib/tinyusb/src/device/usbd.c.obj
 .rodata.__func__.4
                0x10008be8       0x17 CMakeFiles/dac_pdm_test.dir/C_/Users/matth/OneDrive/Raspberry_Pi/Pico/pico-sdk/lib/tinyusb/src/device/usbd.c.obj
 *fill*         0x10008bff        0x1 
 .rodata.__func__.5
                0x10008c00       0x13 CMakeFiles/dac_pdm_test.dir/C_/Users/matth/OneDrive/Raspberry_Pi/Pico/pico-sdk/lib/tinyusb/src/device/usbd.c.obj
 *fill*         0x10008c13        0x1 
 .rodata.__func__.6
                0x10008c14       0x18 CMakeFiles/dac_pdm_test.dir/C_/Users/matth/OneDrive/Raspberry_Pi/Pico/pico-sdk/lib/tinyusb/src/device/usbd.c.obj
 .rodata.__func__.7
                0x10008c2c       0x13 CMakeFiles/dac_pdm_test.dir/C_/Users/matth/OneDrive/Raspberry_Pi/Pico/pico-sdk/lib/tinyusb/src/device/usbd.c.obj
 *fill*         0x10008c3f        0x1 
 .rodata.__func__.8
                0x10008c40        0x9 CMakeFiles/dac_pdm_test.dir/C_/Users/matth/OneDrive/Raspberry_Pi/Pico/pico-sdk/lib/tinyusb/src/device/usbd.c.obj
 *fill*         0x10008c49        0x3 
 .rodata._usbd_driver
                0x10008c4c       0x1c CMakeFiles/dac_pdm_test.dir/C_/Users/matth/OneDrive/Raspberry_Pi/Pico/pico-sdk/lib/tinyusb/src/device/usbd.c.obj
 .rodata.tud_control_xfer.str1.4
                0x10008c68       0x17 CMakeFiles/dac_pdm_test.dir/C_/Users/matth/OneDrive/Raspberry_Pi/Pico/pico-sdk/lib/tinyusb/src/device/usbd_control.c.obj
 .rodata.__func__.0
                0x10008c68       0x15 CMakeFiles/dac_pdm_test.dir/C_/Users/matth/OneDrive/Raspberry_Pi/Pico/pico-sdk/lib/tinyusb/src/device/usbd_control.c.obj
 *fill*         0x10008c7d        0x3 
 .rodata.__func__.1
                0x10008c80       0x11 CMakeFiles/dac_pdm_test.dir/C_/Users/matth/OneDrive/Raspberry_Pi/Pico/pico-sdk/lib/tinyusb/src/device/usbd_control.c.obj
 .rodata.tud_cdc_n_write_flush.str1.4
                0x10008c91       0x17 CMakeFiles/dac_pdm_test.dir/C_/Users/matth/OneDrive/Raspberry_Pi/Pico/pico-sdk/lib/tinyusb/src/class/cdc/cdc_device.c.obj
 *fill*         0x10008c91        0x3 
 .rodata.__func__.0
                0x10008c94        0xd CMakeFiles/dac_pdm_test.dir/C_/Users/matth/OneDrive/Raspberry_Pi/Pico/pico-sdk/lib/tinyusb/src/class/cdc/cdc_device.c.obj
 *fill*         0x10008ca1        0x3 
 .rodata.__func__.1
                0x10008ca4        0xa CMakeFiles/dac_pdm_test.dir/C_/Users/matth/OneDrive/Raspberry_Pi/Pico/pico-sdk/lib/tinyusb/src/class/cdc/cdc_device.c.obj
 *fill*         0x10008cae        0x2 
 .rodata.__func__.2
                0x10008cb0       0x16 CMakeFiles/dac_pdm_test.dir/C_/Users/matth/OneDrive/Raspberry_Pi/Pico/pico-sdk/lib/tinyusb/src/class/cdc/cdc_device.c.obj
 .rodata.tusb_init.str1.4
                0x10008cc6       0x17 CMakeFiles/dac_pdm_test.dir/C_/Users/matth/OneDrive/Raspberry_Pi/Pico/pico-sdk/lib/tinyusb/src/tusb.c.obj
 *fill*         0x10008cc6        0x2 
 .rodata.__func__.0
                0x10008cc8        0xa CMakeFiles/dac_pdm_test.dir/C_/Users/matth/OneDrive/Raspberry_Pi/Pico/pico-sdk/lib/tinyusb/src/tusb.c.obj
                0x10008cd4                . = ALIGN (0x4)
 *fill*         0x10008cd2        0x2 
 *(SORT_BY_ALIGNMENT(SORT_BY_NAME(.flashdata*)))
                0x10008cd4                . = ALIGN (0x4)

.rel.dyn        0x10008cd4        0x0
 .rel.iplt      0x10008cd4        0x0 c:/progra~2/gnuarm~1/102020~1/bin/../lib/gcc/arm-none-eabi/10.2.1/thumb/v6-m/nofp/crtbegin.o

.ARM.extab
 *(.ARM.extab* .gnu.linkonce.armextab.*)
                0x10008cd4                __exidx_start = .

.ARM.exidx
 *(.ARM.exidx* .gnu.linkonce.armexidx.*)
                0x10008cd4                __exidx_end = .
                0x10008cd4                . = ALIGN (0x4)
                0x10008cd4                __binary_info_start = .

.binary_info    0x10008cd4       0x20
 *(.binary_info.keep.*)
 .binary_info.keep.__bi_ptr19
                0x10008cd4        0x4 CMakeFiles/dac_pdm_test.dir/C_/Users/matth/OneDrive/Raspberry_Pi/Pico/pico-sdk/src/rp2_common/pico_standard_link/binary_info.c.obj
 .binary_info.keep.__bi_ptr27
                0x10008cd8        0x4 CMakeFiles/dac_pdm_test.dir/C_/Users/matth/OneDrive/Raspberry_Pi/Pico/pico-sdk/src/rp2_common/pico_standard_link/binary_info.c.obj
 .binary_info.keep.__bi_ptr35
                0x10008cdc        0x4 CMakeFiles/dac_pdm_test.dir/C_/Users/matth/OneDrive/Raspberry_Pi/Pico/pico-sdk/src/rp2_common/pico_standard_link/binary_info.c.obj
 .binary_info.keep.__bi_ptr41
                0x10008ce0        0x4 CMakeFiles/dac_pdm_test.dir/C_/Users/matth/OneDrive/Raspberry_Pi/Pico/pico-sdk/src/rp2_common/pico_standard_link/binary_info.c.obj
 .binary_info.keep.__bi_ptr47
                0x10008ce4        0x4 CMakeFiles/dac_pdm_test.dir/C_/Users/matth/OneDrive/Raspberry_Pi/Pico/pico-sdk/src/rp2_common/pico_standard_link/binary_info.c.obj
 .binary_info.keep.__bi_ptr72
                0x10008ce8        0x4 CMakeFiles/dac_pdm_test.dir/C_/Users/matth/OneDrive/Raspberry_Pi/Pico/pico-sdk/src/rp2_common/pico_standard_link/binary_info.c.obj
 .binary_info.keep.__bi_ptr78
                0x10008cec        0x4 CMakeFiles/dac_pdm_test.dir/C_/Users/matth/OneDrive/Raspberry_Pi/Pico/pico-sdk/src/rp2_common/pico_standard_link/binary_info.c.obj
 *(.binary_info.*)
 .binary_info.__bi_ptr93
                0x10008cf0        0x4 CMakeFiles/dac_pdm_test.dir/C_/Users/matth/OneDrive/Raspberry_Pi/Pico/pico-sdk/src/rp2_common/pico_stdio_usb/stdio_usb.c.obj
                0x10008cf4                __binary_info_end = .
                0x10008cf4                . = ALIGN (0x4)